<html>
<body>
<pre>
<h1>礦ision Build Log</h1>
<h2>Tool Versions:</h2>
IDE-Version: μVision V5.14.0.0
Copyright (C) 2015 ARM Ltd and ARM Germany GmbH. All rights reserved.
License Information: 11 Lenovo, 11, LIC=DSNJJ-U1HWD-FZSWU-S3XSP-9HMED-U68KB
 
Tool Versions:
Toolchain:       MDK-ARM Professional  Version: 5.14.0.0
Toolchain Path:  D:\keil5\ARM\ARMCC\Bin
C Compiler:      Armcc.exe V5.05 update 1 (build 106)
Assembler:       Armasm.exe V5.05 update 1 (build 106)
Linker/Locator:  ArmLink.exe V5.05 update 1 (build 106)
Library Manager: ArmAr.exe V5.05 update 1 (build 106)
Hex Converter:   FromElf.exe V5.05 update 1 (build 106)
CPU DLL:         SARMCM3.DLL V5.14.0.0
Dialog DLL:      DCM.DLL V1.13.1.0
Target DLL:      STLink\ST-LINKIII-KEIL_SWO.dll V2.0.14.0_KEIL
Dialog DLL:      TCM.DLL V1.14.4.0
 
<h2>Project:</h2>
E:\project\hardware\11. OLED屏幕显示初始化过程信息\stm32f103.uvprojx
Project File Date:  04/19/2024

<h2>Output:</h2>
Build target 'STM32F103'
compiling main.c...
.\OLED\oled.h(65): warning:  #1295-D: Deprecated declaration Picture - give arg types
  void Picture();
.\OLED\oled.h(66): warning:  #1295-D: Deprecated declaration IIC_Start - give arg types
  void IIC_Start();
.\OLED\oled.h(67): warning:  #1295-D: Deprecated declaration IIC_Stop - give arg types
  void IIC_Stop();
.\OLED\oled.h(72): warning:  #1295-D: Deprecated declaration IIC_Wait_Ack - give arg types
  void IIC_Wait_Ack();
user\main.c(154): warning:  #223-D: function "sprintf" declared implicitly
        sprintf(buf, "%2d", temp);
user\main.c(155): warning:  #167-D: argument of type "char *" is incompatible with parameter of type "u8 *"
        OLED_ShowString(54, 0, buf,16);  // 娓╁害鍊?                          ^
user\main.c(158): warning:  #167-D: argument of type "char *" is incompatible with parameter of type "u8 *"
        OLED_ShowString(54, 3, buf,16);  // 婀垮害鍊?                          ^
user\main.c: 7 warnings, 0 errors
linking...
Program Size: Code=25712 RO-data=3340 RW-data=760 ZI-data=3232  
FromELF: creating hex file...
".\output\stm32f103.axf" - 0 Error(s), 7 Warning(s).

<h2>Software Packages used:</h2>

Package Vendor: ARM
                http://www.keil.com/pack/ARM.CMSIS.4.2.0.pack
                ARM::CMSIS:CORE:3.40.0
                CMSIS (Cortex Microcontroller Software Interface Standard)
   * Component: CORE Version: 3.40.0

<h2>Collection of Component include folders:</h2>
  E:\project\hardware\11. OLED屏幕显示初始化过程信息\RTE
  D:\keil5\ARM\PACK\ARM\CMSIS\4.2.0\CMSIS\Include
  D:\keil5\ARM\PACK\Keil\STM32F1xx_DFP\1.0.5\Device\Include

<h2>Collection of Component Files used:</h2>

   * Component: ARM::CMSIS:CORE:3.40.0
      Source file:   CMSIS\UserCodeTemplates\ARM\ITM_Retarget.c
</pre>
</body>
</html>
