Component: ARM Compiler 5.05 update 1 (build 106) Tool: armlink [4d0efa]

==============================================================================

Section Cross References

    stm32f10x_it.o(.text) refers to usart.o(.text) for UsartPrintf
    system_stm32f10x.o(.text) refers to system_stm32f10x.o(.data) for SystemCoreClock
    startup_stm32f10x_md.o(STACK) refers (Special) to heapauxi.o(.text) for __use_two_region_memory
    startup_stm32f10x_md.o(HEAP) refers (Special) to heapauxi.o(.text) for __use_two_region_memory
    startup_stm32f10x_md.o(RESET) refers (Special) to heapauxi.o(.text) for __use_two_region_memory
    startup_stm32f10x_md.o(RESET) refers to startup_stm32f10x_md.o(STACK) for __initial_sp
    startup_stm32f10x_md.o(RESET) refers to startup_stm32f10x_md.o(.text) for Reset_Handler
    startup_stm32f10x_md.o(RESET) refers to stm32f10x_it.o(.text) for NMI_Handler
    startup_stm32f10x_md.o(RESET) refers to key.o(.text) for EXTI1_IRQHandler
    startup_stm32f10x_md.o(RESET) refers to usart.o(.text) for USART1_IRQHandler
    startup_stm32f10x_md.o(RESET) refers to esp8266.o(.text) for USART2_IRQHandler
    startup_stm32f10x_md.o(.text) refers (Special) to heapauxi.o(.text) for __use_two_region_memory
    startup_stm32f10x_md.o(.text) refers to system_stm32f10x.o(.text) for SystemInit
    startup_stm32f10x_md.o(.text) refers to __main.o(!!!main) for __main
    startup_stm32f10x_md.o(.text) refers to startup_stm32f10x_md.o(HEAP) for Heap_Mem
    startup_stm32f10x_md.o(.text) refers to startup_stm32f10x_md.o(STACK) for Stack_Mem
    stm32f10x_gpio.o(.text) refers to stm32f10x_rcc.o(.text) for RCC_APB2PeriphResetCmd
    stm32f10x_rcc.o(.text) refers to stm32f10x_rcc.o(.data) for APBAHBPrescTable
    stm32f10x_usart.o(.text) refers to stm32f10x_rcc.o(.text) for RCC_APB2PeriphResetCmd
    delay.o(.text) refers to delay.o(.data) for UsCount
    usart.o(.text) refers to stm32f10x_rcc.o(.text) for RCC_APB2PeriphClockCmd
    usart.o(.text) refers to stm32f10x_gpio.o(.text) for GPIO_Init
    usart.o(.text) refers to stm32f10x_usart.o(.text) for USART_Init
    usart.o(.text) refers to misc.o(.text) for NVIC_Init
    usart.o(.text) refers to c89vsnprintf.o(.text) for __c89vsnprintf
    led.o(.text) refers to stm32f10x_gpio.o(.text) for GPIO_WriteBit
    led.o(.text) refers to stm32f10x_rcc.o(.text) for RCC_APB2PeriphClockCmd
    led.o(.text) refers to led.o(.data) for led_info
    key.o(.text) refers to stm32f10x_rcc.o(.text) for RCC_APB2PeriphClockCmd
    key.o(.text) refers to stm32f10x_gpio.o(.text) for GPIO_Init
    key.o(.text) refers to stm32f10x_exti.o(.text) for EXTI_Init
    key.o(.text) refers to misc.o(.text) for NVIC_Init
    key.o(.text) refers to usart.o(.text) for UsartPrintf
    key.o(.text) refers to delay.o(.text) for DelayXms
    key.o(.text) refers to led.o(.text) for Led_Set
    key.o(.text) refers to led.o(.data) for led_info
    dht11.o(.text) refers to stm32f10x_gpio.o(.text) for GPIO_WriteBit
    dht11.o(.text) refers to delay.o(.text) for DelayXms
    dht11.o(.text) refers to stm32f10x_rcc.o(.text) for RCC_APB2PeriphClockCmd
    main.o(.text) refers to _printf_pad.o(.text) for _printf_pre_padding
    main.o(.text) refers to _printf_percent.o(.ARM.Collect$$_printf_percent$$00000000) for _printf_percent
    main.o(.text) refers to _printf_d.o(.ARM.Collect$$_printf_percent$$00000009) for _printf_d
    main.o(.text) refers to _printf_dec.o(.text) for _printf_int_dec
    main.o(.text) refers to __2sprintf.o(.text) for __2sprintf
    main.o(.text) refers to oled.o(.text) for OLED_ShowString
    main.o(.text) refers to misc.o(.text) for NVIC_PriorityGroupConfig
    main.o(.text) refers to delay.o(.text) for Delay_Init
    main.o(.text) refers to usart.o(.text) for Usart1_Init
    main.o(.text) refers to key.o(.text) for Key_Init
    main.o(.text) refers to led.o(.text) for Led_Init
    main.o(.text) refers to dht11.o(.text) for DHT11_Init
    main.o(.text) refers to esp8266.o(.text) for ESP8266_Init
    main.o(.text) refers to onenet.o(.text) for OneNet_DevLink
    main.o(.text) refers to main.o(.data) for temp
    main.o(.text) refers to led.o(.data) for led_info
    onenet.o(.text) refers to _printf_percent.o(.ARM.Collect$$_printf_percent$$00000000) for _printf_percent
    onenet.o(.text) refers to _printf_d.o(.ARM.Collect$$_printf_percent$$00000009) for _printf_d
    onenet.o(.text) refers to _printf_s.o(.ARM.Collect$$_printf_percent$$00000014) for _printf_s
    onenet.o(.text) refers to _printf_dec.o(.text) for _printf_int_dec
    onenet.o(.text) refers to _printf_str.o(.text) for _printf_str
    onenet.o(.text) refers to _scanf_int.o(.text) for _scanf_int
    onenet.o(.text) refers to _scanf_str.o(.text) for _scanf_string
    onenet.o(.text) refers to strlen.o(.text) for strlen
    onenet.o(.text) refers to strcat.o(.text) for strcat
    onenet.o(.text) refers to rt_memclr_w.o(.text) for __aeabi_memclr4
    onenet.o(.text) refers to base64.o(.text) for BASE64_Decode
[...]
    .text                                    0x080044d8   Section        0  __2snprintf.o(.text)
    .text                                    0x08004510   Section        0  _printf_pad.o(.text)
    .text                                    0x0800455e   Section        0  _printf_str.o(.text)
    .text                                    0x080045b0   Section        0  _printf_dec.o(.text)
    .text                                    0x08004628   Section        0  __printf_flags_ss_wp.o(.text)
    .text                                    0x080047b0   Section        0  __0sscanf.o(.text)
    .text                                    0x080047ec   Section        0  _scanf_int.o(.text)
    .text                                    0x08004938   Section        0  _scanf_str.o(.text)
    .text                                    0x08004a18   Section        0  strchr.o(.text)
    .text                                    0x08004a2c   Section        0  strncat.o(.text)
    .text                                    0x08004a50   Section        0  strstr.o(.text)
    .text                                    0x08004a74   Section        0  strcpy.o(.text)
    .text                                    0x08004abc   Section        0  strlen.o(.text)
    .text                                    0x08004afa   Section        0  strcat.o(.text)
    .text                                    0x08004b12   Section      138  rt_memcpy_v6.o(.text)
    .text                                    0x08004b9c   Section       68  rt_memclr.o(.text)
    .text                                    0x08004be0   Section       78  rt_memclr_w.o(.text)
    .text                                    0x08004c2e   Section        0  heapauxi.o(.text)
    .text                                    0x08004c34   Section        8  rt_heap_descriptor_intlibspace.o(.text)
    .text                                    0x08004c3c   Section        0  hguard.o(.text)
    .text                                    0x08004c40   Section        0  init_alloc.o(.text)
    .text                                    0x08004cca   Section        0  h1_init.o(.text)
    .text                                    0x08004cd8   Section        0  _printf_truncate.o(.text)
    .text                                    0x08004cfc   Section        0  _printf_intcommon.o(.text)
    .text                                    0x08004dae   Section        0  _printf_charcount.o(.text)
    .text                                    0x08004dd8   Section        0  _printf_char_common.o(.text)
    _printf_input_char                       0x08004dd9   Thumb Code    10  _printf_char_common.o(.text)
    .text                                    0x08004e08   Section        0  _sputc.o(.text)
    .text                                    0x08004e12   Section        0  _snputc.o(.text)
    .text                                    0x08004e22   Section        0  _printf_char.o(.text)
    .text                                    0x08004e50   Section        0  _printf_wctomb.o(.text)
    .text                                    0x08004f0c   Section        0  _printf_longlong_dec.o(.text)
    .text                                    0x08004f88   Section        0  _printf_oct_int_ll.o(.text)
    _printf_longlong_oct_internal            0x08004f89   Thumb Code     0  _printf_oct_int_ll.o(.text)
    .text                                    0x08004ff8   Section        0  _printf_hex_int_ll_ptr.o(.text)
    _printf_hex_common                       0x08004ff9   Thumb Code     0  _printf_hex_int_ll_ptr.o(.text)
    .text                                    0x0800508c   Section        0  _chval.o(.text)
    .text                                    0x080050a8   Section        0  scanf_char.o(.text)
    _scanf_char_input                        0x080050a9   Thumb Code    12  scanf_char.o(.text)
    .text                                    0x080050d4   Section        0  _sgetc.o(.text)
    .text                                    0x08005114   Section      100  rt_memcpy_w.o(.text)
    .text                                    0x08005178   Section        8  libspace.o(.text)
    .text                                    0x08005180   Section        0  h1_extend.o(.text)
    .text                                    0x080051b4   Section      138  lludiv10.o(.text)
    .text                                    0x0800523e   Section        0  isspace.o(.text)
    .text                                    0x08005250   Section        0  _printf_fp_dec.o(.text)
    _fp_digits                               0x08005253   Thumb Code   428  _printf_fp_dec.o(.text)
    .text                                    0x0800566a   Section        0  _printf_wchar.o(.text)
    .text                                    0x08005698   Section        0  _scanf.o(.text)
    .text                                    0x08005a0c   Section        0  _wcrtomb.o(.text)
    .text                                    0x08005a4c   Section        0  defsig_rtmem_outer.o(.text)
    .text                                    0x08005a5a   Section        2  use_no_semi.o(.text)
    .text                                    0x08005a5c   Section       74  sys_stackheap_outer.o(.text)
    .text                                    0x08005a5c   Section        0  indicate_semi.o(.text)
    .text                                    0x08005aa8   Section       16  rt_ctype_table.o(.text)
    .text                                    0x08005ab8   Section        8  rt_locale_intlibspace.o(.text)
    .text                                    0x08005ac0   Section        0  _printf_fp_infnan.o(.text)
    .text                                    0x08005b40   Section        0  bigflt0.o(.text)
    .text                                    0x08005c1c   Section        0  exit.o(.text)
    .text                                    0x08005c28   Section        0  defsig_exit.o(.text)
    .text                                    0x08005c34   Section        0  defsig_rtmem_inner.o(.text)
    .text                                    0x08005c84   Section        0  sys_exit.o(.text)
    .text                                    0x08005c90   Section        0  defsig_general.o(.text)
    .text                                    0x08005cc4   Section      128  strcmpv7m.o(.text)
    .text                                    0x08005d44   Section        0  sys_wrch.o(.text)
    CL$$btod_d2e                             0x08005d52   Section       62  btod.o(CL$$btod_d2e)
    CL$$btod_d2e_denorm_low                  0x08005d90   Section       70  btod.o(CL$$btod_d2e_denorm_low)
    CL$$btod_d2e_norm_op1                    0x08005dd6   Section       96  btod.o(CL$$btod_d2e_norm_op1)
    CL$$btod_div_common                      0x08005e36   Section      824  btod.o(CL$$btod_div_common)
    CL$$btod_e2e                             0x0800616e   Section      198  btod.o(CL$$btod_e2e)
    CL$$btod_ediv                            0x08006234   Section       40  btod.o(CL$$btod_ediv)
    CL$$btod_emul                            0x0800625c   Section       40  btod.o(CL$$btod_emul)
    CL$$btod_mult_common                     0x08006284   Section      580  btod.o(CL$$btod_mult_common)
    i.__ARM_fpclassify                       0x080064c8   Section        0  fpclassify.o(i.__ARM_fpclassify)
    i._is_digit                              0x080064f0   Section        0  __printf_wp.o(i._is_digit)
    locale$$code                             0x08006500   Section       44  lc_numeric_c.o(locale$$code)
    locale$$code                             0x0800652c   Section       44  lc_ctype_c.o(locale$$code)
    x$fpl$printf1                            0x08006558   Section        4  printf1.o(x$fpl$printf1)
    .constdata                               0x0800655c   Section      192  base64.o(.constdata)
    x$fpl$usenofp                            0x0800655c   Section        0  usenofp.o(x$fpl$usenofp)
    base64_enc_map                           0x0800655c   Data          64  base64.o(.constdata)
    base64_dec_map                           0x0800659c   Data         128  base64.o(.constdata)
    .constdata                               0x0800661c   Section     2072  oled.o(.constdata)
    .constdata                               0x08006e34   Section       17  __printf_flags_ss_wp.o(.constdata)
    maptable                                 0x08006e34   Data          17  __printf_flags_ss_wp.o(.constdata)
    .constdata                               0x08006e48   Section        8  _printf_wctomb.o(.constdata)
    initial_mbstate                          0x08006e48   Data           8  _printf_wctomb.o(.constdata)
    .constdata                               0x08006e50   Section       40  _printf_hex_int_ll_ptr.o(.constdata)
    uc_hextab                                0x08006e50   Data          20  _printf_hex_int_ll_ptr.o(.constdata)
    lc_hextab                                0x08006e64   Data          20  _printf_hex_int_ll_ptr.o(.constdata)
    .constdata                               0x08006e78   Section      148  bigflt0.o(.constdata)
    tenpwrs_x                                0x08006e78   Data          60  bigflt0.o(.constdata)
    tenpwrs_i                                0x08006eb4   Data          64  bigflt0.o(.constdata)
    .conststring                             0x08006f0c   Section      291  onenet.o(.conststring)
    locale$$data                             0x08007050   Section       28  lc_numeric_c.o(locale$$data)
    __lcnum_c_name                           0x08007054   Data           2  lc_numeric_c.o(locale$$data)
    __lcnum_c_start                          0x0800705c   Data           0  lc_numeric_c.o(locale$$data)
    __lcnum_c_point                          0x08007068   Data           0  lc_numeric_c.o(locale$$data)
    __lcnum_c_thousands                      0x0800706a   Data           0  lc_numeric_c.o(locale$$data)
    __lcnum_c_grouping                       0x0800706b   Data           0  lc_numeric_c.o(locale$$data)
    locale$$data                             0x0800706c   Section      272  lc_ctype_c.o(locale$$data)
    __lcnum_c_end                            0x0800706c   Data           0  lc_numeric_c.o(locale$$data)
    __lcctype_c_name                         0x08007070   Data           2  lc_ctype_c.o(locale$$data)
    __lcctype_c_start                        0x08007078   Data           0  lc_ctype_c.o(locale$$data)
    __lcctype_c_end                          0x0800717c   Data           0  lc_ctype_c.o(locale$$data)
    .data                                    0x20000000   Section       20  system_stm32f10x.o(.data)
    .data                                    0x20000014   Section       20  stm32f10x_rcc.o(.data)
    APBAHBPrescTable                         0x20000014   Data          16  stm32f10x_rcc.o(.data)
    ADCPrescTable                            0x20000024   Data           4  stm32f10x_rcc.o(.data)
    .data                                    0x20000028   Section        4  delay.o(.data)
    .data                                    0x2000002c   Section        1  led.o(.data)
    .data                                    0x2000002d   Section        2  main.o(.data)
    .data                                    0x20000030   Section        2  onenet.o(.data)
    pkt_id                                   0x20000030   Data           2  onenet.o(.data)
    .data                                    0x20000032   Section        4  esp8266.o(.data)
    .data                                    0x20000036   Section      704  oled.o(.data)
    .bss                                     0x200002f8   Section       64  onenet.o(.bss)
    .bss                                     0x20000338   Section      512  esp8266.o(.bss)
    .bss                                     0x20000538   Section       96  libspace.o(.bss)
    HEAP                                     0x20000598   Section      512  startup_stm32f10x_md.o(HEAP)
    Heap_Mem                                 0x20000598   Data         512  startup_stm32f10x_md.o(HEAP)
    STACK                                    0x20000798   Section     2048  startup_stm32f10x_md.o(STACK)
    Stack_Mem                                0x20000798   Data        2048  startup_stm32f10x_md.o(STACK)
    __initial_sp                             0x20000f98   Data           0  startup_stm32f10x_md.o(STACK)

    Global Symbols

    Symbol Name                              Value     Ov Type        Size  Object(Section)

    BuildAttributes$$THM_ISAv4$P$D$K$B$S$PE$A:L22UL41UL21$X:L11$S22US41US21$IEEE1$IW$USESV6$~STKCKD$USESV7$~SHL$OTIME$ROPI$IEEEJ$EBA8$UX$STANDARDLIB$REQ8$PRES8$EABIv2 0x00000000   Number         0  anon$$obj.o ABSOLUTE
    __ARM_use_no_argv                        0x00000000   Number         0  main.o ABSOLUTE
    _printf_flags                            0x00000000   Number         0  printf_stubs.o ABSOLUTE
    _printf_return_value                     0x00000000   Number         0  printf_stubs.o ABSOLUTE
    _printf_sizespec                         0x00000000   Number         0  printf_stubs.o ABSOLUTE
    _printf_widthprec                        0x00000000   Number         0  printf_stubs.o ABSOLUTE
    __ARM_exceptions_init                     - Undefined Weak Reference
    __alloca_initialize                       - Undefined Weak Reference
    __arm_preinit_                            - Undefined Weak Reference
    __cpp_initialize__aeabi_                  - Undefined Weak Reference
    __cxa_finalize                            - Undefined Weak Reference
    __sigvec_lookup                           - Undefined Weak Reference
    __user_heap_extent                        - Undefined Weak Reference
    _atexit_init                              - Undefined Weak Reference
    _call_atexit_fns                          - Undefined Weak Reference
    _clock_init                               - Undefined Weak Reference
    _fp_trap_init                             - Undefined Weak Reference
    _fp_trap_shutdown                         - Undefined Weak Reference
    _get_lc_collate                           - Undefined Weak Reference
    _get_lc_monetary                          - Undefined Weak Reference
    _get_lc_time                              - Undefined Weak Reference
    _getenv_init                              - Undefined Weak Reference
    _handle_redirection                       - Undefined Weak Reference
    _initio                                   - Undefined Weak Reference
    _mutex_acquire                            - Undefined Weak Reference
    _mutex_free                               - Undefined Weak Reference
    _mutex_release                            - Undefined Weak Reference
    _printf_fp_hex                            - Undefined Weak Reference
    _printf_mbtowc                            - Undefined Weak Reference
    _printf_wc                                - Undefined Weak Reference
    _rand_init                                - Undefined Weak Reference
    _scanf_longlong                           - Undefined Weak Reference
    _scanf_mbtowc                             - Undefined Weak Reference
    _scanf_real                               - Undefined Weak Reference
    _scanf_wctomb                             - Undefined Weak Reference
    _scanf_wstring                            - Undefined Weak Reference
    _signal_finish                            - Undefined Weak Reference
    _signal_init                              - Undefined Weak Reference
    _terminateio                              - Undefined Weak Reference
    __Vectors_Size                           0x000000ec   Number         0  startup_stm32f10x_md.o ABSOLUTE
    __Vectors                                0x08000000   Data           4  startup_stm32f10x_md.o(RESET)
    __Vectors_End                            0x080000ec   Data           0  startup_stm32f10x_md.o(RESET)
    __main                                   0x080000ed   Thumb Code     8  __main.o(!!!main)
    __scatterload                            0x080000f5   Thumb Code     0  __scatter.o(!!!scatter)
    __scatterload_rt2                        0x080000f5   Thumb Code    44  __scatter.o(!!!scatter)
    __scatterload_rt2_thumb_only             0x080000f5   Thumb Code     0  __scatter.o(!!!scatter)
    __scatterload_null                       0x08000103   Thumb Code     0  __scatter.o(!!!scatter)
    __decompress                             0x08000129   Thumb Code    90  __dczerorl2.o(!!dczerorl2)
    __decompress1                            0x08000129   Thumb Code     0  __dczerorl2.o(!!dczerorl2)
    __scatterload_zeroinit                   0x08000185   Thumb Code    28  __scatter_zi.o(!!handler_zi)
    _printf_n                                0x080001a1   Thumb Code     0  _printf_n.o(.ARM.Collect$$_printf_percent$$00000001)
    _printf_percent                          0x080001a1   Thumb Code     0  _printf_percent.o(.ARM.Collect$$_printf_percent$$00000000)
    _printf_p                                0x080001a7   Thumb Code     0  _printf_p.o(.ARM.Collect$$_printf_percent$$00000002)
    _printf_f                                0x080001ad   Thumb Code     0  _printf_f.o(.ARM.Collect$$_printf_percent$$00000003)
    _printf_e                                0x080001b3   Thumb Code     0  _printf_e.o(.ARM.Collect$$_printf_percent$$00000004)
    _printf_g                                0x080001b9   Thumb Code     0  _printf_g.o(.ARM.Collect$$_printf_percent$$00000005)
    _printf_a                                0x080001bf   Thumb Code     0  _printf_a.o(.ARM.Collect$$_printf_percent$$00000006)
    _printf_ll                               0x080001c5   Thumb Code     0  _printf_ll.o(.ARM.Collect$$_printf_percent$$00000007)
    _printf_i                                0x080001cf   Thumb Code     0  _printf_i.o(.ARM.Collect$$_printf_percent$$00000008)
    _printf_d                                0x080001d5   Thumb Code     0  _printf_d.o(.ARM.Collect$$_printf_percent$$00000009)
    _printf_u                                0x080001db   Thumb Code     0  _printf_u.o(.ARM.Collect$$_printf_percent$$0000000A)
    _printf_o                                0x080001e1   Thumb Code     0  _printf_o.o(.ARM.Collect$$_printf_percent$$0000000B)
    _printf_x                                0x080001e7   Thumb Code     0  _printf_x.o(.ARM.Collect$$_printf_percent$$0000000C)
    _printf_lli                              0x080001ed   Thumb Code     0  _printf_lli.o(.ARM.Collect$$_printf_percent$$0000000D)
    _printf_lld                              0x080001f3   Thumb Code     0  _printf_lld.o(.ARM.Collect$$_printf_percent$$0000000E)
    _printf_llu                              0x080001f9   Thumb Code     0  _printf_llu.o(.ARM.Collect$$_printf_percent$$0000000F)
    _printf_llo                              0x080001ff   Thumb Code     0  _printf_llo.o(.ARM.Collect$$_printf_percent$$00000010)
    _printf_llx                              0x08000205   Thumb Code     0  _printf_llx.o(.ARM.Collect$$_printf_percent$$00000011)
    _printf_l                                0x0800020b   Thumb Code     0  _printf_l.o(.ARM.Collect$$_printf_percent$$00000012)
    _printf_c                                0x08000215   Thumb Code     0  _printf_c.o(.ARM.Collect$$_printf_percent$$00000013)
    _printf_s                                0x0800021b   Thumb Code     0  _printf_s.o(.ARM.Collect$$_printf_percent$$00000014)
    _printf_lc                               0x08000221   Thumb Code     0  _printf_lc.o(.ARM.Collect$$_printf_percent$$00000015)
    _printf_ls                               0x08000227   Thumb Code     0  _printf_ls.o(.ARM.Collect$$_printf_percent$$00000016)
    _printf_percent_end                      0x0800022d   Thumb Code     0  _printf_percent_end.o(.ARM.Collect$$_printf_percent$$00000017)
    __rt_lib_init                            0x08000231   Thumb Code     0  libinit.o(.ARM.Collect$$libinit$$00000000)
    __rt_lib_init_fp_1                       0x08000233   Thumb Code     0  libinit2.o(.ARM.Collect$$libinit$$00000002)
    __rt_lib_init_heap_2                     0x08000233   Thumb Code     0  libinit2.o(.ARM.Collect$$libinit$$00000005)
    __rt_lib_init_preinit_1                  0x08000233   Thumb Code     0  libinit2.o(.ARM.Collect$$libinit$$00000004)
    __rt_lib_init_heap_1                     0x0800023b   Thumb Code     0  libinit2.o(.ARM.Collect$$libinit$$0000000A)
    __rt_lib_init_lc_common                  0x0800023b   Thumb Code     0  libinit2.o(.ARM.Collect$$libinit$$0000000F)
    __rt_lib_init_rand_1                     0x0800023b   Thumb Code     0  libinit2.o(.ARM.Collect$$libinit$$0000000E)
    __rt_lib_init_user_alloc_1               0x0800023b   Thumb Code     0  libinit2.o(.ARM.Collect$$libinit$$0000000C)
    __rt_lib_init_lc_collate_1               0x08000241   Thumb Code     0  libinit2.o(.ARM.Collect$$libinit$$00000011)
    __rt_lib_init_lc_ctype_2                 0x08000241   Thumb Code     0  libinit2.o(.ARM.Collect$$libinit$$00000012)
    __rt_lib_init_lc_ctype_1                 0x0800024d   Thumb Code     0  libinit2.o(.ARM.Collect$$libinit$$00000013)
    __rt_lib_init_lc_monetary_1              0x0800024d   Thumb Code     0  libinit2.o(.ARM.Collect$$libinit$$00000015)
    __rt_lib_init_lc_numeric_2               0x0800024d   Thumb Code     0  libinit2.o(.ARM.Collect$$libinit$$00000016)
    __rt_lib_init_alloca_1                   0x08000257   Thumb Code     0  libinit2.o(.ARM.Collect$$libinit$$0000002E)
    __rt_lib_init_argv_1                     0x08000257   Thumb Code     0  libinit2.o(.ARM.Collect$$libinit$$0000002C)
    __rt_lib_init_atexit_1                   0x08000257   Thumb Code     0  libinit2.o(.ARM.Collect$$libinit$$0000001B)
    __rt_lib_init_clock_1                    0x08000257   Thumb Code     0  libinit2.o(.ARM.Collect$$libinit$$00000021)
    __rt_lib_init_cpp_1                      0x08000257   Thumb Code     0  libinit2.o(.ARM.Collect$$libinit$$00000032)
    __rt_lib_init_exceptions_1               0x08000257   Thumb Code     0  libinit2.o(.ARM.Collect$$libinit$$00000030)
    __rt_lib_init_fp_trap_1                  0x08000257   Thumb Code     0  libinit2.o(.ARM.Collect$$libinit$$0000001F)
    __rt_lib_init_getenv_1                   0x08000257   Thumb Code     0  libinit2.o(.ARM.Collect$$libinit$$00000023)
    __rt_lib_init_lc_numeric_1               0x08000257   Thumb Code     0  libinit2.o(.ARM.Collect$$libinit$$00000017)
    __rt_lib_init_lc_time_1                  0x08000257   Thumb Code     0  libinit2.o(.ARM.Collect$$libinit$$00000019)
    __rt_lib_init_return                     0x08000257   Thumb Code     0  libinit2.o(.ARM.Collect$$libinit$$00000033)
    __rt_lib_init_signal_1                   0x08000257   Thumb Code     0  libinit2.o(.ARM.Collect$$libinit$$0000001D)
    __rt_lib_init_stdio_1                    0x08000257   Thumb Code     0  libinit2.o(.ARM.Collect$$libinit$$00000025)
    __rt_lib_shutdown                        0x08000259   Thumb Code     0  libshutdown.o(.ARM.Collect$$libshutdown$$00000000)
    __rt_lib_shutdown_fp_trap_1              0x0800025b   Thumb Code     0  libshutdown2.o(.ARM.Collect$$libshutdown$$00000006)
    __rt_lib_shutdown_heap_1                 0x0800025b   Thumb Code     0  libshutdown2.o(.ARM.Collect$$libshutdown$$0000000E)
    __rt_lib_shutdown_return                 0x0800025b   Thumb Code     0  libshutdown2.o(.ARM.Collect$$libshutdown$$0000000F)
    __rt_lib_shutdown_signal_1               0x0800025b   Thumb Code     0  libshutdown2.o(.ARM.Collect$$libshutdown$$00000009)
    __rt_lib_shutdown_stdio_1                0x0800025b   Thumb Code     0  libshutdown2.o(.ARM.Collect$$libshutdown$$00000003)
    __rt_lib_shutdown_user_alloc_1           0x0800025b   Thumb Code     0  libshutdown2.o(.ARM.Collect$$libshutdown$$0000000B)
    __rt_entry                               0x0800025d   Thumb Code     0  __rtentry.o(.ARM.Collect$$rtentry$$00000000)
    __rt_entry_presh_1                       0x0800025d   Thumb Code     0  __rtentry2.o(.ARM.Collect$$rtentry$$00000002)
    __rt_entry_sh                            0x0800025d   Thumb Code     0  __rtentry4.o(.ARM.Collect$$rtentry$$00000004)
    __rt_entry_li                            0x08000263   Thumb Code     0  __rtentry2.o(.ARM.Collect$$rtentry$$0000000A)
    __rt_entry_postsh_1                      0x08000263   Thumb Code     0  __rtentry2.o(.ARM.Collect$$rtentry$$00000009)
    __rt_entry_main                          0x08000267   Thumb Code     0  __rtentry2.o(.ARM.Collect$$rtentry$$0000000D)
    __rt_entry_postli_1                      0x08000267   Thumb Code     0  __rtentry2.o(.ARM.Collect$$rtentry$$0000000C)
    __rt_exit                                0x0800026f   Thumb Code     0  rtexit.o(.ARM.Collect$$rtexit$$00000000)
    __rt_exit_ls                             0x08000271   Thumb Code     0  rtexit2.o(.ARM.Collect$$rtexit$$00000003)
    __rt_exit_prels_1                        0x08000271   Thumb Code     0  rtexit2.o(.ARM.Collect$$rtexit$$00000002)
    __rt_exit_exit                           0x08000275   Thumb Code     0  rtexit2.o(.ARM.Collect$$rtexit$$00000004)
    NMI_Handler                              0x0800027d   Thumb Code     2  stm32f10x_it.o(.text)
    _maybe_terminate_alloc                   0x0800027d   Thumb Code     0  maybetermalloc1.o(.emb_text)
    HardFault_Handler                        0x0800027f   Thumb Code    12  stm32f10x_it.o(.text)
    MemManage_Handler                        0x0800028b   Thumb Code    12  stm32f10x_it.o(.text)
    BusFault_Handler                         0x08000297   Thumb Code    12  stm32f10x_it.o(.text)
    UsageFault_Handler                       0x080002a3   Thumb Code    12  stm32f10x_it.o(.text)
    SVC_Handler                              0x080002af   Thumb Code     2  stm32f10x_it.o(.text)
    DebugMon_Handler                         0x080002b1   Thumb Code     2  stm32f10x_it.o(.text)
    SysTick_Handler                          0x080002b3   Thumb Code     2  stm32f10x_it.o(.text)
    EXTI0_IRQHandler                         0x080002b5   Thumb Code     2  stm32f10x_it.o(.text)
    RTC_IRQHandler                           0x080002b7   Thumb Code     2  stm32f10x_it.o(.text)
    SystemInit                               0x0800048f   Thumb Code    78  system_stm32f10x.o(.text)
    SystemCoreClockUpdate                    0x080004dd   Thumb Code   142  system_stm32f10x.o(.text)
    Reset_Handler                            0x08000591   Thumb Code     8  startup_stm32f10x_md.o(.text)
    PendSV_Handler                           0x080005a7   Thumb Code     2  startup_stm32f10x_md.o(.text)
    ADC1_2_IRQHandler                        0x080005ab   Thumb Code     0  startup_stm32f10x_md.o(.text)
    CAN1_RX1_IRQHandler                      0x080005ab   Thumb Code     0  startup_stm32f10x_md.o(.text)
    CAN1_SCE_IRQHandler                      0x080005ab   Thumb Code     0  startup_stm32f10x_md.o(.text)
    DMA1_Channel1_IRQHandler                 0x080005ab   Thumb Code     0  startup_stm32f10x_md.o(.text)
    DMA1_Channel2_IRQHandler                 0x080005ab   Thumb Code     0  startup_stm32f10x_md.o(.text)
    DMA1_Channel3_IRQHandler                 0x080005ab   Thumb Code     0  startup_stm32f10x_md.o(.text)
    DMA1_Channel4_IRQHandler                 0x080005ab   Thumb Code     0  startup_stm32f10x_md.o(.text)
    DMA1_Channel5_IRQHandler                 0x080005ab   Thumb Code     0  startup_stm32f10x_md.o(.text)
    DMA1_Channel6_IRQHandler                 0x080005ab   Thumb Code     0  startup_stm32f10x_md.o(.text)
    DMA1_Channel7_IRQHandler                 0x080005ab   Thumb Code     0  startup_stm32f10x_md.o(.text)
    EXTI15_10_IRQHandler                     0x080005ab   Thumb Code     0  startup_stm32f10x_md.o(.text)
    EXTI2_IRQHandler                         0x080005ab   Thumb Code     0  startup_stm32f10x_md.o(.text)
    EXTI3_IRQHandler                         0x080005ab   Thumb Code     0  startup_stm32f10x_md.o(.text)
    EXTI4_IRQHandler                         0x080005ab   Thumb Code     0  startup_stm32f10x_md.o(.text)
    EXTI9_5_IRQHandler                       0x080005ab   Thumb Code     0  startup_stm32f10x_md.o(.text)
    FLASH_IRQHandler                         0x080005ab   Thumb Code     0  startup_stm32f10x_md.o(.text)
    I2C1_ER_IRQHandler                       0x080005ab   Thumb Code     0  startup_stm32f10x_md.o(.text)
    I2C1_EV_IRQHandler                       0x080005ab   Thumb Code     0  startup_stm32f10x_md.o(.text)
    I2C2_ER_IRQHandler                       0x080005ab   Thumb Code     0  startup_stm32f10x_md.o(.text)
    I2C2_EV_IRQHandler                       0x080005ab   Thumb Code     0  startup_stm32f10x_md.o(.text)
    PVD_IRQHandler                           0x080005ab   Thumb Code     0  startup_stm32f10x_md.o(.text)
    RCC_IRQHandler                           0x080005ab   Thumb Code     0  startup_stm32f10x_md.o(.text)
    RTCAlarm_IRQHandler                      0x080005ab   Thumb Code     0  startup_stm32f10x_md.o(.text)
    SPI1_IRQHandler                          0x080005ab   Thumb Code     0  startup_stm32f10x_md.o(.text)
    SPI2_IRQHandler                          0x080005ab   Thumb Code     0  startup_stm32f10x_md.o(.text)
    TAMPER_IRQHandler                        0x080005ab   Thumb Code     0  startup_stm32f10x_md.o(.text)
    TIM1_BRK_IRQHandler                      0x080005ab   Thumb Code     0  startup_stm32f10x_md.o(.text)
    TIM1_CC_IRQHandler                       0x080005ab   Thumb Code     0  startup_stm32f10x_md.o(.text)
    TIM1_TRG_COM_IRQHandler                  0x080005ab   Thumb Code     0  startup_stm32f10x_md.o(.text)
    TIM1_UP_IRQHandler                       0x080005ab   Thumb Code     0  startup_stm32f10x_md.o(.text)
    TIM2_IRQHandler                          0x080005ab   Thumb Code     0  startup_stm32f10x_md.o(.text)
    TIM3_IRQHandler                          0x080005ab   Thumb Code     0  startup_stm32f10x_md.o(.text)
    TIM4_IRQHandler                          0x080005ab   Thumb Code     0  startup_stm32f10x_md.o(.text)
    USART3_IRQHandler                        0x080005ab   Thumb Code     0  startup_stm32f10x_md.o(.text)
    USBWakeUp_IRQHandler                     0x080005ab   Thumb Code     0  startup_stm32f10x_md.o(.text)
    USB_HP_CAN1_TX_IRQHandler                0x080005ab   Thumb Code     0  startup_stm32f10x_md.o(.text)
    USB_LP_CAN1_RX0_IRQHandler               0x080005ab   Thumb Code     0  startup_stm32f10x_md.o(.text)
    WWDG_IRQHandler                          0x080005ab   Thumb Code     0  startup_stm32f10x_md.o(.text)
    __user_initial_stackheap                 0x080005ad   Thumb Code     0  startup_stm32f10x_md.o(.text)
    NVIC_PriorityGroupConfig                 0x080005d1   Thumb Code    10  misc.o(.text)
    NVIC_Init                                0x080005db   Thumb Code   100  misc.o(.text)
    NVIC_SetVectorTable                      0x0800063f   Thumb Code    14  misc.o(.text)
    NVIC_SystemLPConfig                      0x0800064d   Thumb Code    34  misc.o(.text)
    SysTick_CLKSourceConfig                  0x0800066f   Thumb Code    40  misc.o(.text)
    GPIO_DeInit                              0x080006ad   Thumb Code   172  stm32f10x_gpio.o(.text)
    GPIO_AFIODeInit                          0x08000759   Thumb Code    20  stm32f10x_gpio.o(.text)
    GPIO_Init                                0x0800076d   Thumb Code   278  stm32f10x_gpio.o(.text)
    GPIO_StructInit                          0x08000883   Thumb Code    16  stm32f10x_gpio.o(.text)
    GPIO_ReadInputDataBit                    0x08000893   Thumb Code    18  stm32f10x_gpio.o(.text)
    GPIO_ReadInputData                       0x080008a5   Thumb Code     8  stm32f10x_gpio.o(.text)
    GPIO_ReadOutputDataBit                   0x080008ad   Thumb Code    18  stm32f10x_gpio.o(.text)
    GPIO_ReadOutputData                      0x080008bf   Thumb Code     8  stm32f10x_gpio.o(.text)
    GPIO_SetBits                             0x080008c7   Thumb Code     4  stm32f10x_gpio.o(.text)
    GPIO_ResetBits                           0x080008cb   Thumb Code     4  stm32f10x_gpio.o(.text)
    GPIO_WriteBit                            0x080008cf   Thumb Code    10  stm32f10x_gpio.o(.text)
    GPIO_Write                               0x080008d9   Thumb Code     4  stm32f10x_gpio.o(.text)
    GPIO_PinLockConfig                       0x080008dd   Thumb Code    18  stm32f10x_gpio.o(.text)
    GPIO_EventOutputConfig                   0x080008ef   Thumb Code    26  stm32f10x_gpio.o(.text)
    GPIO_EventOutputCmd                      0x08000909   Thumb Code     6  stm32f10x_gpio.o(.text)
    GPIO_PinRemapConfig                      0x0800090f   Thumb Code   138  stm32f10x_gpio.o(.text)
    GPIO_EXTILineConfig                      0x08000999   Thumb Code    66  stm32f10x_gpio.o(.text)
    GPIO_ETH_MediaInterfaceConfig            0x080009db   Thumb Code     8  stm32f10x_gpio.o(.text)
    RCC_DeInit                               0x08000a09   Thumb Code    64  stm32f10x_rcc.o(.text)
    RCC_HSEConfig                            0x08000a49   Thumb Code    70  stm32f10x_rcc.o(.text)
    RCC_GetFlagStatus                        0x08000a8f   Thumb Code    56  stm32f10x_rcc.o(.text)
    RCC_WaitForHSEStartUp                    0x08000ac7   Thumb Code    56  stm32f10x_rcc.o(.text)
    RCC_AdjustHSICalibrationValue            0x08000aff   Thumb Code    20  stm32f10x_rcc.o(.text)
    RCC_HSICmd                               0x08000b13   Thumb Code     6  stm32f10x_rcc.o(.text)
    RCC_PLLConfig                            0x08000b19   Thumb Code    24  stm32f10x_rcc.o(.text)
    RCC_PLLCmd                               0x08000b31   Thumb Code     6  stm32f10x_rcc.o(.text)
    RCC_SYSCLKConfig                         0x08000b37   Thumb Code    18  stm32f10x_rcc.o(.text)
    RCC_GetSYSCLKSource                      0x08000b49   Thumb Code    10  stm32f10x_rcc.o(.text)
    RCC_HCLKConfig                           0x08000b53   Thumb Code    18  stm32f10x_rcc.o(.text)
    RCC_PCLK1Config                          0x08000b65   Thumb Code    18  stm32f10x_rcc.o(.text)
    RCC_PCLK2Config                          0x08000b77   Thumb Code    20  stm32f10x_rcc.o(.text)
    RCC_ITConfig                             0x08000b8b   Thumb Code    26  stm32f10x_rcc.o(.text)
    RCC_USBCLKConfig                         0x08000ba5   Thumb Code     8  stm32f10x_rcc.o(.text)
    RCC_ADCCLKConfig                         0x08000bad   Thumb Code    18  stm32f10x_rcc.o(.text)
    RCC_LSEConfig                            0x08000bbf   Thumb Code    50  stm32f10x_rcc.o(.text)
    RCC_LSICmd                               0x08000bf1   Thumb Code     6  stm32f10x_rcc.o(.text)
    RCC_RTCCLKConfig                         0x08000bf7   Thumb Code    12  stm32f10x_rcc.o(.text)
    RCC_RTCCLKCmd                            0x08000c03   Thumb Code     8  stm32f10x_rcc.o(.text)
    RCC_GetClocksFreq                        0x08000c0b   Thumb Code   192  stm32f10x_rcc.o(.text)
    RCC_AHBPeriphClockCmd                    0x08000ccb   Thumb Code    26  stm32f10x_rcc.o(.text)
    RCC_APB2PeriphClockCmd                   0x08000ce5   Thumb Code    26  stm32f10x_rcc.o(.text)
    RCC_APB1PeriphClockCmd                   0x08000cff   Thumb Code    26  stm32f10x_rcc.o(.text)
    RCC_APB2PeriphResetCmd                   0x08000d19   Thumb Code    26  stm32f10x_rcc.o(.text)
    RCC_APB1PeriphResetCmd                   0x08000d33   Thumb Code    26  stm32f10x_rcc.o(.text)
    RCC_BackupResetCmd                       0x08000d4d   Thumb Code     8  stm32f10x_rcc.o(.text)
    RCC_ClockSecuritySystemCmd               0x08000d55   Thumb Code     6  stm32f10x_rcc.o(.text)
    RCC_MCOConfig                            0x08000d5b   Thumb Code     6  stm32f10x_rcc.o(.text)
    RCC_ClearFlag                            0x08000d61   Thumb Code    14  stm32f10x_rcc.o(.text)
    RCC_GetITStatus                          0x08000d6f   Thumb Code    20  stm32f10x_rcc.o(.text)
    RCC_ClearITPendingBit                    0x08000d83   Thumb Code     6  stm32f10x_rcc.o(.text)
    USART_DeInit                             0x08000dad   Thumb Code   134  stm32f10x_usart.o(.text)
    USART_Init                               0x08000e33   Thumb Code   210  stm32f10x_usart.o(.text)
    USART_StructInit                         0x08000f05   Thumb Code    24  stm32f10x_usart.o(.text)
    USART_ClockInit                          0x08000f1d   Thumb Code    34  stm32f10x_usart.o(.text)
    USART_ClockStructInit                    0x08000f3f   Thumb Code    12  stm32f10x_usart.o(.text)
    USART_Cmd                                0x08000f4b   Thumb Code    24  stm32f10x_usart.o(.text)
    USART_ITConfig                           0x08000f63   Thumb Code    74  stm32f10x_usart.o(.text)
    USART_DMACmd                             0x08000fad   Thumb Code    18  stm32f10x_usart.o(.text)
    USART_SetAddress                         0x08000fbf   Thumb Code    18  stm32f10x_usart.o(.text)
    USART_WakeUpConfig                       0x08000fd1   Thumb Code    18  stm32f10x_usart.o(.text)
    USART_ReceiverWakeUpCmd                  0x08000fe3   Thumb Code    24  stm32f10x_usart.o(.text)
    USART_LINBreakDetectLengthConfig         0x08000ffb   Thumb Code    18  stm32f10x_usart.o(.text)
    USART_LINCmd                             0x0800100d   Thumb Code    24  stm32f10x_usart.o(.text)
    USART_SendData                           0x08001025   Thumb Code     8  stm32f10x_usart.o(.text)
    USART_ReceiveData                        0x0800102d   Thumb Code    10  stm32f10x_usart.o(.text)
    USART_SendBreak                          0x08001037   Thumb Code    10  stm32f10x_usart.o(.text)
    USART_SetGuardTime                       0x08001041   Thumb Code    16  stm32f10x_usart.o(.text)
    USART_SetPrescaler                       0x08001051   Thumb Code    16  stm32f10x_usart.o(.text)
    USART_SmartCardCmd                       0x08001061   Thumb Code    24  stm32f10x_usart.o(.text)
    USART_SmartCardNACKCmd                   0x08001079   Thumb Code    24  stm32f10x_usart.o(.text)
    USART_HalfDuplexCmd                      0x08001091   Thumb Code    24  stm32f10x_usart.o(.text)
    USART_OverSampling8Cmd                   0x080010a9   Thumb Code    22  stm32f10x_usart.o(.text)
    USART_OneBitMethodCmd                    0x080010bf   Thumb Code    24  stm32f10x_usart.o(.text)
    USART_IrDAConfig                         0x080010d7   Thumb Code    18  stm32f10x_usart.o(.text)
    USART_IrDACmd                            0x080010e9   Thumb Code    24  stm32f10x_usart.o(.text)
    USART_GetFlagStatus                      0x08001101   Thumb Code    26  stm32f10x_usart.o(.text)
    USART_ClearFlag                          0x0800111b   Thumb Code    18  stm32f10x_usart.o(.text)
    USART_GetITStatus                        0x0800112d   Thumb Code    84  stm32f10x_usart.o(.text)
    USART_ClearITPendingBit                  0x08001181   Thumb Code    52  stm32f10x_usart.o(.text)
    EXTI_DeInit                              0x080011b5   Thumb Code    28  stm32f10x_exti.o(.text)
    EXTI_Init                                0x080011d1   Thumb Code   142  stm32f10x_exti.o(.text)
    EXTI_StructInit                          0x0800125f   Thumb Code    16  stm32f10x_exti.o(.text)
    EXTI_GenerateSWInterrupt                 0x0800126f   Thumb Code    16  stm32f10x_exti.o(.text)
    EXTI_GetFlagStatus                       0x0800127f   Thumb Code    22  stm32f10x_exti.o(.text)
    EXTI_ClearFlag                           0x08001295   Thumb Code     8  stm32f10x_exti.o(.text)
    EXTI_GetITStatus                         0x0800129d   Thumb Code    34  stm32f10x_exti.o(.text)
    EXTI_ClearITPendingBit                   0x080012bf   Thumb Code     8  stm32f10x_exti.o(.text)
    Delay_Init                               0x080012d1   Thumb Code    48  delay.o(.text)
    DelayUs                                  0x08001301   Thumb Code    60  delay.o(.text)
    DelayXms                                 0x0800133d   Thumb Code    66  delay.o(.text)
    DelayMs                                  0x0800137f   Thumb Code    60  delay.o(.text)
    Usart1_Init                              0x080013c5   Thumb Code   166  usart.o(.text)
    Usart2_Init                              0x0800146b   Thumb Code   162  usart.o(.text)
    Usart_SendString                         0x0800150d   Thumb Code    50  usart.o(.text)
    UsartPrintf                              0x0800153f   Thumb Code    72  usart.o(.text)
    USART1_IRQHandler                        0x08001587   Thumb Code    24  usart.o(.text)
    Led_Set                                  0x080015ad   Thumb Code    24  led.o(.text)
    Led_Init                                 0x080015c5   Thumb Code    44  led.o(.text)
    Key_Init                                 0x080015f9   Thumb Code   110  key.o(.text)
    EXTI1_IRQHandler                         0x08001667   Thumb Code    56  key.o(.text)
    DHT11_Rst                                0x080016c9   Thumb Code    58  dht11.o(.text)
    DHT11_Check                              0x08001703   Thumb Code   100  dht11.o(.text)
    DHT11_Read_Bit                           0x08001767   Thumb Code    82  dht11.o(.text)
    DHT11_Read_Byte                          0x080017b9   Thumb Code    30  dht11.o(.text)
    DHT11_Read_Data                          0x080017d7   Thumb Code    88  dht11.o(.text)
    DHT11_Init                               0x0800182f   Thumb Code    54  dht11.o(.text)
    Refresh_Data                             0x08001869   Thumb Code    80  main.o(.text)
    Display_Init                             0x080018b9   Thumb Code   118  main.o(.text)
    Hardware_Init                            0x0800192f   Thumb Code   102  main.o(.text)
    main                                     0x08001995   Thumb Code   184  main.o(.text)
    OneNET_RegisterDevice                    0x08001d0f   Thumb Code   216  onenet.o(.text)
    OneNet_DevLink                           0x08001de7   Thumb Code   242  onenet.o(.text)
    OneNet_FillBuf                           0x08001ed9   Thumb Code   948  onenet.o(.text)
    OneNet_SendData                          0x0800228d   Thumb Code   116  onenet.o(.text)
    OneNET_Publish                           0x08002301   Thumb Code    86  onenet.o(.text)
    OneNET_Subscribe                         0x08002357   Thumb Code    86  onenet.o(.text)
    OneNet_RevPro                            0x080023ad   Thumb Code   318  onenet.o(.text)
    ft                                       0x08002611   Thumb Code    76  hmac_sha1.o(.text)
    k                                        0x0800265d   Thumb Code    34  hmac_sha1.o(.text)
    rotr                                     0x0800267f   Thumb Code    40  hmac_sha1.o(.text)
    rotl                                     0x080026a7   Thumb Code    46  hmac_sha1.o(.text)
    sha1                                     0x080026d5   Thumb Code   632  hmac_sha1.o(.text)
    hmac_sha1                                0x0800294d   Thumb Code   330  hmac_sha1.o(.text)
    BASE64_Encode                            0x08002a99   Thumb Code   320  base64.o(.text)
    BASE64_Decode                            0x08002bd9   Thumb Code   360  base64.o(.text)
    MQTT_NewBuffer                           0x08002d49   Thumb Code    88  mqttkit.o(.text)
    MQTT_DeleteBuffer                        0x08002da1   Thumb Code    28  mqttkit.o(.text)
    MQTT_DumpLength                          0x08002dbd   Thumb Code    46  mqttkit.o(.text)
    MQTT_ReadLength                          0x08002deb   Thumb Code    70  mqttkit.o(.text)
    MQTT_UnPacketRecv                        0x08002e31   Thumb Code   106  mqttkit.o(.text)
    MQTT_PacketConnect                       0x08002e9b   Thumb Code   666  mqttkit.o(.text)
    MQTT_PacketDisConnect                    0x08003135   Thumb Code    48  mqttkit.o(.text)
    MQTT_UnPacketConnectAck                  0x08003165   Thumb Code    30  mqttkit.o(.text)
    MQTT_PacketPublish                       0x08003183   Thumb Code   452  mqttkit.o(.text)
    MQTT_PacketSaveData                      0x08003347   Thumb Code    68  mqttkit.o(.text)
    MQTT_PacketSaveBinData                   0x0800338b   Thumb Code   192  mqttkit.o(.text)
    MQTT_UnPacketCmd                         0x0800344b   Thumb Code   140  mqttkit.o(.text)
    MQTT_PacketCmdResp                       0x080034d7   Thumb Code   132  mqttkit.o(.text)
    MQTT_PacketSubscribe                     0x0800355b   Thumb Code   254  mqttkit.o(.text)
    MQTT_UnPacketSubscribe                   0x08003659   Thumb Code    52  mqttkit.o(.text)
    MQTT_PacketUnSubscribe                   0x0800368d   Thumb Code   300  mqttkit.o(.text)
    MQTT_UnPacketUnSubscribe                 0x080037b9   Thumb Code    18  mqttkit.o(.text)
    MQTT_UnPacketPublish                     0x080037cb   Thumb Code   440  mqttkit.o(.text)
    MQTT_PacketPublishAck                    0x08003983   Thumb Code    72  mqttkit.o(.text)
    MQTT_UnPacketPublishAck                  0x080039cb   Thumb Code    30  mqttkit.o(.text)
    MQTT_PacketPublishRec                    0x080039e9   Thumb Code    72  mqttkit.o(.text)
    MQTT_UnPacketPublishRec                  0x08003a31   Thumb Code    30  mqttkit.o(.text)
    MQTT_PacketPublishRel                    0x08003a4f   Thumb Code    72  mqttkit.o(.text)
    MQTT_UnPacketPublishRel                  0x08003a97   Thumb Code    36  mqttkit.o(.text)
    MQTT_PacketPublishComp                   0x08003abb   Thumb Code    72  mqttkit.o(.text)
    MQTT_UnPacketPublishComp                 0x08003b03   Thumb Code    30  mqttkit.o(.text)
    MQTT_PacketPing                          0x08003b21   Thumb Code    48  mqttkit.o(.text)
    ESP8266_Clear                            0x08003b51   Thumb Code    20  esp8266.o(.text)
    ESP8266_WaitRecive                       0x08003b65   Thumb Code    42  esp8266.o(.text)
    ESP8266_SendCmd                          0x08003b8f   Thumb Code    76  esp8266.o(.text)
    ESP8266_SendData                         0x08003bdb   Thumb Code    46  esp8266.o(.text)
    ESP8266_GetIPD                           0x08003c09   Thumb Code    68  esp8266.o(.text)
    ESP8266_Init                             0x08003c4d   Thumb Code   166  esp8266.o(.text)
    USART2_IRQHandler                        0x08003cf3   Thumb Code    64  esp8266.o(.text)
    IIC_Start                                0x08003df9   Thumb Code    36  oled.o(.text)
    IIC_Stop                                 0x08003e1d   Thumb Code    28  oled.o(.text)
    IIC_Wait_Ack                             0x08003e39   Thumb Code    20  oled.o(.text)
    Write_IIC_Byte                           0x08003e4d   Thumb Code    80  oled.o(.text)
    Write_IIC_Command                        0x08003e9d   Thumb Code    44  oled.o(.text)
    Write_IIC_Data                           0x08003ec9   Thumb Code    44  oled.o(.text)
    OLED_WR_Byte                             0x08003ef5   Thumb Code    24  oled.o(.text)
    fill_picture                             0x08003f0d   Thumb Code    64  oled.o(.text)
    Delay_50ms                               0x08003f4d   Thumb Code    22  oled.o(.text)
    Delay_1ms                                0x08003f63   Thumb Code    26  oled.o(.text)
    OLED_Set_Pos                             0x08003f7d   Thumb Code    40  oled.o(.text)
    OLED_Display_On                          0x08003fa5   Thumb Code    28  oled.o(.text)
    OLED_Display_Off                         0x08003fc1   Thumb Code    28  oled.o(.text)
    OLED_Clear                               0x08003fdd   Thumb Code    62  oled.o(.text)
    OLED_On                                  0x0800401b   Thumb Code    62  oled.o(.text)
    OLED_ShowChar                            0x08004059   Thumb Code   154  oled.o(.text)
    oled_pow                                 0x080040f3   Thumb Code    22  oled.o(.text)
    OLED_ShowNum                             0x08004109   Thumb Code   136  oled.o(.text)
    OLED_ShowString                          0x08004191   Thumb Code    58  oled.o(.text)
    OLED_ShowCHinese                         0x080041cb   Thumb Code   112  oled.o(.text)
    OLED_DrawBMP                             0x0800423b   Thumb Code   118  oled.o(.text)
    OLED_Init                                0x080042b1   Thumb Code   274  oled.o(.text)
    malloc                                   0x080043cd   Thumb Code    94  h1_alloc.o(.text)
    free                                     0x0800442b   Thumb Code    78  h1_free.o(.text)
    __c89vsnprintf                           0x08004479   Thumb Code    48  c89vsnprintf.o(.text)
    __2sprintf                               0x080044ad   Thumb Code    38  __2sprintf.o(.text)
    __2snprintf                              0x080044d9   Thumb Code    50  __2snprintf.o(.text)
    _printf_pre_padding                      0x08004511   Thumb Code    44  _printf_pad.o(.text)
    _printf_post_padding                     0x0800453d   Thumb Code    34  _printf_pad.o(.text)
    _printf_str                              0x0800455f   Thumb Code    82  _printf_str.o(.text)
    _printf_int_dec                          0x080045b1   Thumb Code   104  _printf_dec.o(.text)
    __printf                                 0x08004629   Thumb Code   388  __printf_flags_ss_wp.o(.text)
    __0sscanf                                0x080047b1   Thumb Code    52  __0sscanf.o(.text)
    _scanf_int                               0x080047ed   Thumb Code   332  _scanf_int.o(.text)
    _scanf_string                            0x08004939   Thumb Code   224  _scanf_str.o(.text)
    strchr                                   0x08004a19   Thumb Code    20  strchr.o(.text)
    strncat                                  0x08004a2d   Thumb Code    36  strncat.o(.text)
    strstr                                   0x08004a51   Thumb Code    36  strstr.o(.text)
    strcpy                                   0x08004a75   Thumb Code    72  strcpy.o(.text)
    strlen                                   0x08004abd   Thumb Code    62  strlen.o(.text)
    strcat                                   0x08004afb   Thumb Code    24  strcat.o(.text)
    __aeabi_memcpy                           0x08004b13   Thumb Code     0  rt_memcpy_v6.o(.text)
    __rt_memcpy                              0x08004b13   Thumb Code   138  rt_memcpy_v6.o(.text)
    _memcpy_lastbytes                        0x08004b79   Thumb Code     0  rt_memcpy_v6.o(.text)
    __aeabi_memclr                           0x08004b9d   Thumb Code     0  rt_memclr.o(.text)
    __rt_memclr                              0x08004b9d   Thumb Code    68  rt_memclr.o(.text)
    _memset                                  0x08004ba1   Thumb Code     0  rt_memclr.o(.text)
    __aeabi_memclr4                          0x08004be1   Thumb Code     0  rt_memclr_w.o(.text)
    __aeabi_memclr8                          0x08004be1   Thumb Code     0  rt_memclr_w.o(.text)
    __rt_memclr_w                            0x08004be1   Thumb Code    78  rt_memclr_w.o(.text)
    _memset_w                                0x08004be5   Thumb Code     0  rt_memclr_w.o(.text)
    __use_two_region_memory                  0x08004c2f   Thumb Code     2  heapauxi.o(.text)
    __rt_heap_escrow                         0x08004c31   Thumb Code     2  heapauxi.o(.text)
    __rt_heap_expand                         0x08004c33   Thumb Code     2  heapauxi.o(.text)
    __rt_heap_descriptor                     0x08004c35   Thumb Code     8  rt_heap_descriptor_intlibspace.o(.text)
    __use_no_heap                            0x08004c3d   Thumb Code     2  hguard.o(.text)
    __heap$guard                             0x08004c3f   Thumb Code     2  hguard.o(.text)
    _terminate_user_alloc                    0x08004c41   Thumb Code     2  init_alloc.o(.text)
    _init_user_alloc                         0x08004c43   Thumb Code     2  init_alloc.o(.text)
    __Heap_Full                              0x08004c45   Thumb Code    34  init_alloc.o(.text)
    __Heap_Broken                            0x08004c67   Thumb Code     6  init_alloc.o(.text)
    _init_alloc                              0x08004c6d   Thumb Code    94  init_alloc.o(.text)
    __Heap_Initialize                        0x08004ccb   Thumb Code    10  h1_init.o(.text)
    __Heap_DescSize                          0x08004cd5   Thumb Code     4  h1_init.o(.text)
    _printf_truncate_signed                  0x08004cd9   Thumb Code    18  _printf_truncate.o(.text)
    _printf_truncate_unsigned                0x08004ceb   Thumb Code    18  _printf_truncate.o(.text)
    _printf_int_common                       0x08004cfd   Thumb Code   178  _printf_intcommon.o(.text)
    _printf_charcount                        0x08004daf   Thumb Code    40  _printf_charcount.o(.text)
    _printf_char_common                      0x08004de3   Thumb Code    32  _printf_char_common.o(.text)
    _sputc                                   0x08004e09   Thumb Code    10  _sputc.o(.text)
    _snputc                                  0x08004e13   Thumb Code    16  _snputc.o(.text)
    _printf_cs_common                        0x08004e23   Thumb Code    20  _printf_char.o(.text)
    _printf_char                             0x08004e37   Thumb Code    16  _printf_char.o(.text)
    _printf_string                           0x08004e47   Thumb Code     8  _printf_char.o(.text)
    _printf_wctomb                           0x08004e51   Thumb Code   182  _printf_wctomb.o(.text)
    _printf_longlong_dec                     0x08004f0d   Thumb Code   108  _printf_longlong_dec.o(.text)
    _printf_longlong_oct                     0x08004f89   Thumb Code    68  _printf_oct_int_ll.o(.text)
    _printf_int_oct                          0x08004fcd   Thumb Code    24  _printf_oct_int_ll.o(.text)
    _printf_ll_oct                           0x08004fe5   Thumb Code    12  _printf_oct_int_ll.o(.text)
    _printf_longlong_hex                     0x08004ff9   Thumb Code    86  _printf_hex_int_ll_ptr.o(.text)
    _printf_int_hex                          0x0800504f   Thumb Code    28  _printf_hex_int_ll_ptr.o(.text)
    _printf_ll_hex                           0x0800506b   Thumb Code    12  _printf_hex_int_ll_ptr.o(.text)
    _printf_hex_ptr                          0x08005077   Thumb Code    18  _printf_hex_int_ll_ptr.o(.text)
    _chval                                   0x0800508d   Thumb Code    28  _chval.o(.text)
    __vfscanf_char                           0x080050b5   Thumb Code    24  scanf_char.o(.text)
    _sgetc                                   0x080050d5   Thumb Code    30  _sgetc.o(.text)
    _sbackspace                              0x080050f3   Thumb Code    34  _sgetc.o(.text)
    __aeabi_memcpy4                          0x08005115   Thumb Code     0  rt_memcpy_w.o(.text)
    __aeabi_memcpy8                          0x08005115   Thumb Code     0  rt_memcpy_w.o(.text)
    __rt_memcpy_w                            0x08005115   Thumb Code   100  rt_memcpy_w.o(.text)
    _memcpy_lastbytes_aligned                0x0800515d   Thumb Code     0  rt_memcpy_w.o(.text)
    __user_libspace                          0x08005179   Thumb Code     8  libspace.o(.text)
    __user_perproc_libspace                  0x08005179   Thumb Code     0  libspace.o(.text)
    __user_perthread_libspace                0x08005179   Thumb Code     0  libspace.o(.text)
    __Heap_ProvideMemory                     0x08005181   Thumb Code    52  h1_extend.o(.text)
    _ll_udiv10                               0x080051b5   Thumb Code   138  lludiv10.o(.text)
    isspace                                  0x0800523f   Thumb Code    18  isspace.o(.text)
    __lib_sel_fp_printf                      0x08005251   Thumb Code     2  _printf_fp_dec.o(.text)
    _printf_fp_dec_real                      0x080053ff   Thumb Code   620  _printf_fp_dec.o(.text)
    _printf_lcs_common                       0x0800566b   Thumb Code    20  _printf_wchar.o(.text)
    _printf_wchar                            0x0800567f   Thumb Code    16  _printf_wchar.o(.text)
    _printf_wstring                          0x0800568f   Thumb Code     8  _printf_wchar.o(.text)
    __vfscanf                                0x08005699   Thumb Code   878  _scanf.o(.text)
    _wcrtomb                                 0x08005a0d   Thumb Code    64  _wcrtomb.o(.text)
    __rt_SIGRTMEM                            0x08005a4d   Thumb Code    14  defsig_rtmem_outer.o(.text)
    __I$use$semihosting                      0x08005a5b   Thumb Code     0  use_no_semi.o(.text)
    __use_no_semihosting_swi                 0x08005a5b   Thumb Code     2  use_no_semi.o(.text)
    __semihosting_library_function           0x08005a5d   Thumb Code     0  indicate_semi.o(.text)
    __user_setup_stackheap                   0x08005a5d   Thumb Code    74  sys_stackheap_outer.o(.text)
    __rt_ctype_table                         0x08005aa9   Thumb Code    16  rt_ctype_table.o(.text)
    __rt_locale                              0x08005ab9   Thumb Code     8  rt_locale_intlibspace.o(.text)
    _printf_fp_infnan                        0x08005ac1   Thumb Code   112  _printf_fp_infnan.o(.text)
    _btod_etento                             0x08005b41   Thumb Code   216  bigflt0.o(.text)
    exit                                     0x08005c1d   Thumb Code    12  exit.o(.text)
    __sig_exit                               0x08005c29   Thumb Code    10  defsig_exit.o(.text)
    __rt_SIGRTMEM_inner                      0x08005c35   Thumb Code    22  defsig_rtmem_inner.o(.text)
    _sys_exit                                0x08005c85   Thumb Code     8  sys_exit.o(.text)
    __default_signal_display                 0x08005c91   Thumb Code    50  defsig_general.o(.text)
    strcmp                                   0x08005cc5   Thumb Code   128  strcmpv7m.o(.text)
    _ttywrch                                 0x08005d45   Thumb Code    14  sys_wrch.o(.text)
    _btod_d2e                                0x08005d53   Thumb Code    62  btod.o(CL$$btod_d2e)
    _d2e_denorm_low                          0x08005d91   Thumb Code    70  btod.o(CL$$btod_d2e_denorm_low)
    _d2e_norm_op1                            0x08005dd7   Thumb Code    96  btod.o(CL$$btod_d2e_norm_op1)
    __btod_div_common                        0x08005e37   Thumb Code   696  btod.o(CL$$btod_div_common)
    _e2e                                     0x0800616f   Thumb Code   198  btod.o(CL$$btod_e2e)
    _btod_ediv                               0x08006235   Thumb Code    40  btod.o(CL$$btod_ediv)
    _btod_emul                               0x0800625d   Thumb Code    40  btod.o(CL$$btod_emul)
    __btod_mult_common                       0x08006285   Thumb Code   580  btod.o(CL$$btod_mult_common)
    __ARM_fpclassify                         0x080064c9   Thumb Code    40  fpclassify.o(i.__ARM_fpclassify)
    _is_digit                                0x080064f1   Thumb Code    14  __printf_wp.o(i._is_digit)
    _get_lc_numeric                          0x08006501   Thumb Code    44  lc_numeric_c.o(locale$$code)
    _get_lc_ctype                            0x0800652d   Thumb Code    44  lc_ctype_c.o(locale$$code)
    _printf_fp_dec                           0x08006559   Thumb Code     4  printf1.o(x$fpl$printf1)
    __I$use$fp                               0x0800655c   Number         0  usenofp.o(x$fpl$usenofp)
    F6x8                                     0x0800661c   Data         552  oled.o(.constdata)
    F8X16                                    0x08006844   Data        1520  oled.o(.constdata)
    Region$$Table$$Base                      0x08007030   Number         0  anon$$obj.o(Region$$Table)
    Region$$Table$$Limit                     0x08007050   Number         0  anon$$obj.o(Region$$Table)
    __ctype                                  0x08007079   Data           0  lc_ctype_c.o(locale$$data)
    SystemCoreClock                          0x20000000   Data           4  system_stm32f10x.o(.data)
    AHBPrescTable                            0x20000004   Data          16  system_stm32f10x.o(.data)
    UsCount                                  0x20000028   Data           1  delay.o(.data)
    MsCount                                  0x2000002a   Data           2  delay.o(.data)
    led_info                                 0x2000002c   Data           1  led.o(.data)
    temp                                     0x2000002d   Data           1  main.o(.data)
    humi                                     0x2000002e   Data           1  main.o(.data)
    esp8266_cnt                              0x20000032   Data           2  esp8266.o(.data)
    esp8266_cntPre                           0x20000034   Data           2  esp8266.o(.data)
    Hzk                                      0x20000036   Data         704  oled.o(.data)
    devid                                    0x200002f8   Data          16  onenet.o(.bss)
    key                                      0x20000308   Data          48  onenet.o(.bss)
    esp8266_buf                              0x20000338   Data         512  esp8266.o(.bss)
    __libspace_start                         0x20000538   Data          96  libspace.o(.bss)
    __temporary_stack_top$libspace           0x20000598   Data           0  libspace.o(.bss)



==============================================================================

Memory Map of the image

  Image Entry point : 0x080000ed

  Load Region LR_IROM1 (Base: 0x08000000, Size: 0x00007474, Max: 0x00008000, ABSOLUTE, COMPRESSED[0x0000728c])

    Execution Region ER_IROM1 (Base: 0x08000000, Size: 0x0000717c, Max: 0x00008000, ABSOLUTE)

    Base Addr    Size         Type   Attr      Idx    E Section Name        Object

    0x08000000   0x000000ec   Data   RO          139    RESET               startup_stm32f10x_md.o
    0x080000ec   0x00000008   Code   RO          634  * !!!main             c_w.l(__main.o)
    0x080000f4   0x00000034   Code   RO          974    !!!scatter          c_w.l(__scatter.o)
    0x08000128   0x0000005a   Code   RO          972    !!dczerorl2         c_w.l(__dczerorl2.o)
    0x08000182   0x00000002   PAD
    0x08000184   0x0000001c   Code   RO          976    !!handler_zi        c_w.l(__scatter_zi.o)
    0x080001a0   0x00000000   Code   RO          607    .ARM.Collect$$_printf_percent$$00000000  c_w.l(_printf_percent.o)
    0x080001a0   0x00000006   Code   RO          711    .ARM.Collect$$_printf_percent$$00000001  c_w.l(_printf_n.o)
    0x080001a6   0x00000006   Code   RO          713    .ARM.Collect$$_printf_percent$$00000002  c_w.l(_printf_p.o)
    0x080001ac   0x00000006   Code   RO          717    .ARM.Collect$$_printf_percent$$00000003  c_w.l(_printf_f.o)
    0x080001b2   0x00000006   Code   RO          718    .ARM.Collect$$_printf_percent$$00000004  c_w.l(_printf_e.o)
    0x080001b8   0x00000006   Code   RO          719    .ARM.Collect$$_printf_percent$$00000005  c_w.l(_printf_g.o)
    0x080001be   0x00000006   Code   RO          720    .ARM.Collect$$_printf_percent$$00000006  c_w.l(_printf_a.o)
    0x080001c4   0x0000000a   Code   RO          725    .ARM.Collect$$_printf_percent$$00000007  c_w.l(_printf_ll.o)
    0x080001ce   0x00000006   Code   RO          715    .ARM.Collect$$_printf_percent$$00000008  c_w.l(_printf_i.o)
    0x080001d4   0x00000006   Code   RO          606    .ARM.Collect$$_printf_percent$$00000009  c_w.l(_printf_d.o)
    0x080001da   0x00000006   Code   RO          716    .ARM.Collect$$_printf_percent$$0000000A  c_w.l(_printf_u.o)
    0x080001e0   0x00000006   Code   RO          714    .ARM.Collect$$_printf_percent$$0000000B  c_w.l(_printf_o.o)
    0x080001e6   0x00000006   Code   RO          712    .ARM.Collect$$_printf_percent$$0000000C  c_w.l(_printf_x.o)
    0x080001ec   0x00000006   Code   RO          722    .ARM.Collect$$_printf_percent$$0000000D  c_w.l(_printf_lli.o)
    0x080001f2   0x00000006   Code   RO          723    .ARM.Collect$$_printf_percent$$0000000E  c_w.l(_printf_lld.o)
    0x080001f8   0x00000006   Code   RO          724    .ARM.Collect$$_printf_percent$$0000000F  c_w.l(_printf_llu.o)
    0x080001fe   0x00000006   Code   RO          729    .ARM.Collect$$_printf_percent$$00000010  c_w.l(_printf_llo.o)
    0x08000204   0x00000006   Code   RO          730    .ARM.Collect$$_printf_percent$$00000011  c_w.l(_printf_llx.o)
    0x0800020a   0x0000000a   Code   RO          726    .ARM.Collect$$_printf_percent$$00000012  c_w.l(_printf_l.o)
    0x08000214   0x00000006   Code   RO          710    .ARM.Collect$$_printf_percent$$00000013  c_w.l(_printf_c.o)
    0x0800021a   0x00000006   Code   RO          605    .ARM.Collect$$_printf_percent$$00000014  c_w.l(_printf_s.o)
    0x08000220   0x00000006   Code   RO          727    .ARM.Collect$$_printf_percent$$00000015  c_w.l(_printf_lc.o)
    0x08000226   0x00000006   Code   RO          728    .ARM.Collect$$_printf_percent$$00000016  c_w.l(_printf_ls.o)
    0x0800022c   0x00000004   Code   RO          721    .ARM.Collect$$_printf_percent$$00000017  c_w.l(_printf_percent_end.o)
    0x08000230   0x00000002   Code   RO          902    .ARM.Collect$$libinit$$00000000  c_w.l(libinit.o)
    0x08000232   0x00000000   Code   RO          742    .ARM.Collect$$libinit$$00000002  c_w.l(libinit2.o)
    0x08000232   0x00000000   Code   RO          744    .ARM.Collect$$libinit$$00000004  c_w.l(libinit2.o)
    0x08000232   0x00000008   Code   RO          745    .ARM.Collect$$libinit$$00000005  c_w.l(libinit2.o)
    0x0800023a   0x00000000   Code   RO          747    .ARM.Collect$$libinit$$0000000A  c_w.l(libinit2.o)
    0x0800023a   0x00000000   Code   RO          749    .ARM.Collect$$libinit$$0000000C  c_w.l(libinit2.o)
    0x0800023a   0x00000000   Code   RO          751    .ARM.Collect$$libinit$$0000000E  c_w.l(libinit2.o)
    0x0800023a   0x00000006   Code   RO          752    .ARM.Collect$$libinit$$0000000F  c_w.l(libinit2.o)
    0x08000240   0x00000000   Code   RO          754    .ARM.Collect$$libinit$$00000011  c_w.l(libinit2.o)
    0x08000240   0x0000000c   Code   RO          755    .ARM.Collect$$libinit$$00000012  c_w.l(libinit2.o)
    0x0800024c   0x00000000   Code   RO          756    .ARM.Collect$$libinit$$00000013  c_w.l(libinit2.o)
    0x0800024c   0x00000000   Code   RO          758    .ARM.Collect$$libinit$$00000015  c_w.l(libinit2.o)
    0x0800024c   0x0000000a   Code   RO          759    .ARM.Collect$$libinit$$00000016  c_w.l(libinit2.o)
    0x08000256   0x00000000   Code   RO          760    .ARM.Collect$$libinit$$00000017  c_w.l(libinit2.o)
    0x08000256   0x00000000   Code   RO          762    .ARM.Collect$$libinit$$00000019  c_w.l(libinit2.o)
    0x08000256   0x00000000   Code   RO          764    .ARM.Collect$$libinit$$0000001B  c_w.l(libinit2.o)
    0x08000256   0x00000000   Code   RO          766    .ARM.Collect$$libinit$$0000001D  c_w.l(libinit2.o)
    0x08000256   0x00000000   Code   RO          768    .ARM.Collect$$libinit$$0000001F  c_w.l(libinit2.o)
    0x08000256   0x00000000   Code   RO          770    .ARM.Collect$$libinit$$00000021  c_w.l(libinit2.o)
    0x08000256   0x00000000   Code   RO          772    .ARM.Collect$$libinit$$00000023  c_w.l(libinit2.o)
    0x08000256   0x00000000   Code   RO          774    .ARM.Collect$$libinit$$00000025  c_w.l(libinit2.o)
    0x08000256   0x00000000   Code   RO          778    .ARM.Collect$$libinit$$0000002C  c_w.l(libinit2.o)
    0x08000256   0x00000000   Code   RO          780    .ARM.Collect$$libinit$$0000002E  c_w.l(libinit2.o)
    0x08000256   0x00000000   Code   RO          782    .ARM.Collect$$libinit$$00000030  c_w.l(libinit2.o)
    0x08000256   0x00000000   Code   RO          784    .ARM.Collect$$libinit$$00000032  c_w.l(libinit2.o)
    0x08000256   0x00000002   Code   RO          785    .ARM.Collect$$libinit$$00000033  c_w.l(libinit2.o)
    0x08000258   0x00000002   Code   RO          969    .ARM.Collect$$libshutdown$$00000000  c_w.l(libshutdown.o)
    0x0800025a   0x00000000   Code   RO          927    .ARM.Collect$$libshutdown$$00000003  c_w.l(libshutdown2.o)
    0x0800025a   0x00000000   Code   RO          930    .ARM.Collect$$libshutdown$$00000006  c_w.l(libshutdown2.o)
    0x0800025a   0x00000000   Code   RO          933    .ARM.Collect$$libshutdown$$00000009  c_w.l(libshutdown2.o)
    0x0800025a   0x00000000   Code   RO          935    .ARM.Collect$$libshutdown$$0000000B  c_w.l(libshutdown2.o)
    0x0800025a   0x00000000   Code   RO          938    .ARM.Collect$$libshutdown$$0000000E  c_w.l(libshutdown2.o)
    0x0800025a   0x00000002   Code   RO          939    .ARM.Collect$$libshutdown$$0000000F  c_w.l(libshutdown2.o)
    0x0800025c   0x00000000   Code   RO          638    .ARM.Collect$$rtentry$$00000000  c_w.l(__rtentry.o)
    0x0800025c   0x00000000   Code   RO          794    .ARM.Collect$$rtentry$$00000002  c_w.l(__rtentry2.o)
    0x0800025c   0x00000006   Code   RO          806    .ARM.Collect$$rtentry$$00000004  c_w.l(__rtentry4.o)
    0x08000262   0x00000000   Code   RO          796    .ARM.Collect$$rtentry$$00000009  c_w.l(__rtentry2.o)
    0x08000262   0x00000004   Code   RO          797    .ARM.Collect$$rtentry$$0000000A  c_w.l(__rtentry2.o)
    0x08000266   0x00000000   Code   RO          799    .ARM.Collect$$rtentry$$0000000C  c_w.l(__rtentry2.o)
    0x08000266   0x00000008   Code   RO          800    .ARM.Collect$$rtentry$$0000000D  c_w.l(__rtentry2.o)
    0x0800026e   0x00000002   Code   RO          910    .ARM.Collect$$rtexit$$00000000  c_w.l(rtexit.o)
    0x08000270   0x00000000   Code   RO          943    .ARM.Collect$$rtexit$$00000002  c_w.l(rtexit2.o)
    0x08000270   0x00000004   Code   RO          944    .ARM.Collect$$rtexit$$00000003  c_w.l(rtexit2.o)
    0x08000274   0x00000006   Code   RO          945    .ARM.Collect$$rtexit$$00000004  c_w.l(rtexit2.o)
    0x0800027a   0x00000002   PAD
    0x0800027c   0x00000000   Code   RO          810    .emb_text           c_w.l(maybetermalloc1.o)
    0x0800027c   0x00000134   Code   RO           17    .text               stm32f10x_it.o
    0x080003b0   0x000001e0   Code   RO          119    .text               system_stm32f10x.o
    0x08000590   0x00000040   Code   RO          140    .text               startup_stm32f10x_md.o
    0x080005d0   0x000000dc   Code   RO          144    .text               misc.o
    0x080006ac   0x0000035c   Code   RO          182    .text               stm32f10x_gpio.o
    0x08000a08   0x000003a4   Code   RO          194    .text               stm32f10x_rcc.o
    0x08000dac   0x00000408   Code   RO          208    .text               stm32f10x_usart.o
    0x080011b4   0x0000011c   Code   RO          220    .text               stm32f10x_exti.o
    0x080012d0   0x000000f4   Code   RO          232    .text               delay.o
    0x080013c4   0x000001e8   Code   RO          250    .text               usart.o
    0x080015ac   0x0000004c   Code   RO          272    .text               led.o
    0x080015f8   0x000000d0   Code   RO          290    .text               key.o
    0x080016c8   0x000001a0   Code   RO          309    .text               dht11.o
    0x08001868   0x00000294   Code   RO          324    .text               main.o
    0x08001afc   0x00000b14   Code   RO          354    .text               onenet.o
    0x08002610   0x00000486   Code   RO          397    .text               hmac_sha1.o
    0x08002a96   0x00000002   PAD
    0x08002a98   0x000002b0   Code   RO          416    .text               base64.o
    0x08002d48   0x00000e08   Code   RO          437    .text               mqttkit.o
    0x08003b50   0x000002a8   Code   RO          465    .text               esp8266.o
    0x08003df8   0x000005d4   Code   RO          481    .text               oled.o
    0x080043cc   0x0000005e   Code   RO          509    .text               c_w.l(h1_alloc.o)
    0x0800442a   0x0000004e   Code   RO          511    .text               c_w.l(h1_free.o)
    0x08004478   0x00000034   Code   RO          567    .text               c_w.l(c89vsnprintf.o)
    0x080044ac   0x0000002c   Code   RO          569    .text               c_w.l(__2sprintf.o)
    0x080044d8   0x00000038   Code   RO          571    .text               c_w.l(__2snprintf.o)
    0x08004510   0x0000004e   Code   RO          579    .text               c_w.l(_printf_pad.o)
    0x0800455e   0x00000052   Code   RO          581    .text               c_w.l(_printf_str.o)
    0x080045b0   0x00000078   Code   RO          583    .text               c_w.l(_printf_dec.o)
    0x08004628   0x00000188   Code   RO          602    .text               c_w.l(__printf_flags_ss_wp.o)
    0x080047b0   0x0000003c   Code   RO          608    .text               c_w.l(__0sscanf.o)
    0x080047ec   0x0000014c   Code   RO          610    .text               c_w.l(_scanf_int.o)
    0x08004938   0x000000e0   Code   RO          612    .text               c_w.l(_scanf_str.o)
    0x08004a18   0x00000014   Code   RO          614    .text               c_w.l(strchr.o)
    0x08004a2c   0x00000024   Code   RO          616    .text               c_w.l(strncat.o)
    0x08004a50   0x00000024   Code   RO          618    .text               c_w.l(strstr.o)
    0x08004a74   0x00000048   Code   RO          620    .text               c_w.l(strcpy.o)
    0x08004abc   0x0000003e   Code   RO          622    .text               c_w.l(strlen.o)
    0x08004afa   0x00000018   Code   RO          624    .text               c_w.l(strcat.o)
    0x08004b12   0x0000008a   Code   RO          626    .text               c_w.l(rt_memcpy_v6.o)
    0x08004b9c   0x00000044   Code   RO          628    .text               c_w.l(rt_memclr.o)
    0x08004be0   0x0000004e   Code   RO          630    .text               c_w.l(rt_memclr_w.o)
    0x08004c2e   0x00000006   Code   RO          632    .text               c_w.l(heapauxi.o)
    0x08004c34   0x00000008   Code   RO          642    .text               c_w.l(rt_heap_descriptor_intlibspace.o)
    0x08004c3c   0x00000004   Code   RO          644    .text               c_w.l(hguard.o)
    0x08004c40   0x0000008a   Code   RO          646    .text               c_w.l(init_alloc.o)
    0x08004cca   0x0000000e   Code   RO          650    .text               c_w.l(h1_init.o)
    0x08004cd8   0x00000024   Code   RO          664    .text               c_w.l(_printf_truncate.o)
    0x08004cfc   0x000000b2   Code   RO          666    .text               c_w.l(_printf_intcommon.o)
    0x08004dae   0x00000028   Code   RO          668    .text               c_w.l(_printf_charcount.o)
    0x08004dd6   0x00000002   PAD
    0x08004dd8   0x00000030   Code   RO          670    .text               c_w.l(_printf_char_common.o)
    0x08004e08   0x0000000a   Code   RO          672    .text               c_w.l(_sputc.o)
    0x08004e12   0x00000010   Code   RO          674    .text               c_w.l(_snputc.o)
    0x08004e22   0x0000002c   Code   RO          676    .text               c_w.l(_printf_char.o)
    0x08004e4e   0x00000002   PAD
    0x08004e50   0x000000bc   Code   RO          678    .text               c_w.l(_printf_wctomb.o)
    0x08004f0c   0x0000007c   Code   RO          681    .text               c_w.l(_printf_longlong_dec.o)
    0x08004f88   0x00000070   Code   RO          687    .text               c_w.l(_printf_oct_int_ll.o)
    0x08004ff8   0x00000094   Code   RO          707    .text               c_w.l(_printf_hex_int_ll_ptr.o)
    0x0800508c   0x0000001c   Code   RO          731    .text               c_w.l(_chval.o)
    0x080050a8   0x0000002c   Code   RO          733    .text               c_w.l(scanf_char.o)
    0x080050d4   0x00000040   Code   RO          735    .text               c_w.l(_sgetc.o)
    0x08005114   0x00000064   Code   RO          737    .text               c_w.l(rt_memcpy_w.o)
    0x08005178   0x00000008   Code   RO          790    .text               c_w.l(libspace.o)
    0x08005180   0x00000034   Code   RO          812    .text               c_w.l(h1_extend.o)
    0x080051b4   0x0000008a   Code   RO          816    .text               c_w.l(lludiv10.o)
    0x0800523e   0x00000012   Code   RO          818    .text               c_w.l(isspace.o)
    0x08005250   0x0000041a   Code   RO          820    .text               c_w.l(_printf_fp_dec.o)
    0x0800566a   0x0000002c   Code   RO          824    .text               c_w.l(_printf_wchar.o)
    0x08005696   0x00000002   PAD
    0x08005698   0x00000374   Code   RO          826    .text               c_w.l(_scanf.o)
    0x08005a0c   0x00000040   Code   RO          828    .text               c_w.l(_wcrtomb.o)
    0x08005a4c   0x0000000e   Code   RO          830    .text               c_w.l(defsig_rtmem_outer.o)
    0x08005a5a   0x00000002   Code   RO          841    .text               c_w.l(use_no_semi.o)
    0x08005a5c   0x00000000   Code   RO          843    .text               c_w.l(indicate_semi.o)
    0x08005a5c   0x0000004a   Code   RO          844    .text               c_w.l(sys_stackheap_outer.o)
    0x08005aa6   0x00000002   PAD
    0x08005aa8   0x00000010   Code   RO          846    .text               c_w.l(rt_ctype_table.o)
    0x08005ab8   0x00000008   Code   RO          853    .text               c_w.l(rt_locale_intlibspace.o)
    0x08005ac0   0x00000080   Code   RO          857    .text               c_w.l(_printf_fp_infnan.o)
    0x08005b40   0x000000dc   Code   RO          859    .text               c_w.l(bigflt0.o)
    0x08005c1c   0x0000000c   Code   RO          887    .text               c_w.l(exit.o)
    0x08005c28   0x0000000a   Code   RO          889    .text               c_w.l(defsig_exit.o)
    0x08005c32   0x00000002   PAD
    0x08005c34   0x00000050   Code   RO          891    .text               c_w.l(defsig_rtmem_inner.o)
    0x08005c84   0x0000000c   Code   RO          908    .text               c_w.l(sys_exit.o)
    0x08005c90   0x00000032   Code   RO          921    .text               c_w.l(defsig_general.o)
    0x08005cc2   0x00000002   PAD
    0x08005cc4   0x00000080   Code   RO          923    .text               c_w.l(strcmpv7m.o)
    0x08005d44   0x0000000e   Code   RO          940    .text               c_w.l(sys_wrch.o)
    0x08005d52   0x0000003e   Code   RO          862    CL$$btod_d2e        c_w.l(btod.o)
    0x08005d90   0x00000046   Code   RO          864    CL$$btod_d2e_denorm_low  c_w.l(btod.o)
    0x08005dd6   0x00000060   Code   RO          863    CL$$btod_d2e_norm_op1  c_w.l(btod.o)
    0x08005e36   0x00000338   Code   RO          872    CL$$btod_div_common  c_w.l(btod.o)
    0x0800616e   0x000000c6   Code   RO          869    CL$$btod_e2e        c_w.l(btod.o)
    0x08006234   0x00000028   Code   RO          866    CL$$btod_ediv       c_w.l(btod.o)
    0x0800625c   0x00000028   Code   RO          865    CL$$btod_emul       c_w.l(btod.o)
    0x08006284   0x00000244   Code   RO          871    CL$$btod_mult_common  c_w.l(btod.o)
    0x080064c8   0x00000028   Code   RO          906    i.__ARM_fpclassify  m_ws.l(fpclassify.o)
    0x080064f0   0x0000000e   Code   RO          595    i._is_digit         c_w.l(__printf_wp.o)
    0x080064fe   0x00000002   PAD
    0x08006500   0x0000002c   Code   RO          885    locale$$code        c_w.l(lc_numeric_c.o)
    0x0800652c   0x0000002c   Code   RO          917    locale$$code        c_w.l(lc_ctype_c.o)
    0x08006558   0x00000004   Code   RO          786    x$fpl$printf1       fz_ws.l(printf1.o)
    0x0800655c   0x00000000   Code   RO          905    x$fpl$usenofp       fz_ws.l(usenofp.o)
    0x0800655c   0x000000c0   Data   RO          417    .constdata          base64.o
    0x0800661c   0x00000818   Data   RO          482    .constdata          oled.o
    0x08006e34   0x00000011   Data   RO          603    .constdata          c_w.l(__printf_flags_ss_wp.o)
    0x08006e45   0x00000003   PAD
    0x08006e48   0x00000008   Data   RO          679    .constdata          c_w.l(_printf_wctomb.o)
    0x08006e50   0x00000028   Data   RO          708    .constdata          c_w.l(_printf_hex_int_ll_ptr.o)
    0x08006e78   0x00000094   Data   RO          860    .constdata          c_w.l(bigflt0.o)
    0x08006f0c   0x00000123   Data   RO          356    .conststring        onenet.o
    0x0800702f   0x00000001   PAD
    0x08007030   0x00000020   Data   RO          970    Region$$Table       anon$$obj.o
    0x08007050   0x0000001c   Data   RO          884    locale$$data        c_w.l(lc_numeric_c.o)
    0x0800706c   0x00000110   Data   RO          916    locale$$data        c_w.l(lc_ctype_c.o)


    Execution Region RW_IRAM1 (Base: 0x20000000, Size: 0x00000f98, Max: 0x00002800, ABSOLUTE, COMPRESSED[0x00000110])

    Base Addr    Size         Type   Attr      Idx    E Section Name        Object

    0x20000000   0x00000014   Data   RW          120    .data               system_stm32f10x.o
    0x20000014   0x00000014   Data   RW          195    .data               stm32f10x_rcc.o
    0x20000028   0x00000004   Data   RW          233    .data               delay.o
    0x2000002c   0x00000001   Data   RW          273    .data               led.o
    0x2000002d   0x00000002   Data   RW          325    .data               main.o
    0x2000002f   0x00000001   PAD
    0x20000030   0x00000002   Data   RW          357    .data               onenet.o
    0x20000032   0x00000004   Data   RW          467    .data               esp8266.o
    0x20000036   0x000002c0   Data   RW          483    .data               oled.o
    0x200002f6   0x00000002   PAD
    0x200002f8   0x00000040   Zero   RW          355    .bss                onenet.o
    0x20000338   0x00000200   Zero   RW          466    .bss                esp8266.o
    0x20000538   0x00000060   Zero   RW          791    .bss                c_w.l(libspace.o)
    0x20000598   0x00000200   Zero   RW          138    HEAP                startup_stm32f10x_md.o
    0x20000798   0x00000800   Zero   RW          137    STACK               startup_stm32f10x_md.o


==============================================================================

Image component sizes


      Code (inc. data)   RO Data    RW Data    ZI Data      Debug   Object Name

       688          8        192          0          0       3070   base64.o
         0          0          0          0          0       4528   core_cm3.o
       244         10          0          4          0       1452   delay.o
       416          4          0          0          0       2094   dht11.o
       680        198          0          4        512       2907   esp8266.o
      1158         28          0          0          0       3092   hmac_sha1.o
       208         42          0          0          0        728   key.o
        76          8          0          1          0       1186   led.o
       660        176          0          2          0       1379   main.o
       220         22          0          0          0     206697   misc.o
      3592         74          0          0          0      14611   mqttkit.o
      1492         24       2072        704          0       6399   oled.o
      2836       1112        291          2         64       7708   onenet.o
        64         26        236          0       2560        808   startup_stm32f10x_md.o
       284         10          0          0          0       2171   stm32f10x_exti.o
       860         38          0          0          0       5581   stm32f10x_gpio.o
       308        248          0          0          0      24483   stm32f10x_it.o
       932         36          0         20          0       8740   stm32f10x_rcc.o
      1032         22          0          0          0       8308   stm32f10x_usart.o
       480         38          0         20          0       1767   system_stm32f10x.o
       488         14          0          0          0       2833   usart.o

    ----------------------------------------------------------------------
     16720       2138       2824        760       3136     310542   Object Totals
         0          0         32          0          0          0   (incl. Generated)
         2          0          1          3          0          0   (incl. Padding)

    ----------------------------------------------------------------------

      Code (inc. data)   RO Data    RW Data    ZI Data      Debug   Library Member Name

        60          8          0          0          0         84   __0sscanf.o
        56          6          0          0          0         88   __2snprintf.o
        44          6          0          0          0         84   __2sprintf.o
        90          0          0          0          0          0   __dczerorl2.o
         8          0          0          0          0         68   __main.o
       392          4         17          0          0         92   __printf_flags_ss_wp.o
        14          0          0          0          0         68   __printf_wp.o
         0          0          0          0          0          0   __rtentry.o
        12          0          0          0          0          0   __rtentry2.o
         6          0          0          0          0          0   __rtentry4.o
        52          8          0          0          0          0   __scatter.o
        28          0          0          0          0          0   __scatter_zi.o
        28          0          0          0          0         68   _chval.o
         6          0          0          0          0          0   _printf_a.o
         6          0          0          0          0          0   _printf_c.o
        44          0          0          0          0        108   _printf_char.o
        48          6          0          0          0         96   _printf_char_common.o
        40          0          0          0          0         68   _printf_charcount.o
         6          0          0          0          0          0   _printf_d.o
       120         16          0          0          0         92   _printf_dec.o
         6          0          0          0          0          0   _printf_e.o
         6          0          0          0          0          0   _printf_f.o
      1050          0          0          0          0        216   _printf_fp_dec.o
       128         16          0          0          0         84   _printf_fp_infnan.o
         6          0          0          0          0          0   _printf_g.o
       148          4         40          0          0        160   _printf_hex_int_ll_ptr.o
         6          0          0          0          0          0   _printf_i.o
       178          0          0          0          0         88   _printf_intcommon.o
        10          0          0          0          0          0   _printf_l.o
         6          0          0          0          0          0   _printf_lc.o
        10          0          0          0          0          0   _printf_ll.o
         6          0          0          0          0          0   _printf_lld.o
         6          0          0          0          0          0   _printf_lli.o
         6          0          0          0          0          0   _printf_llo.o
         6          0          0          0          0          0   _printf_llu.o
         6          0          0          0          0          0   _printf_llx.o
       124         16          0          0          0         92   _printf_longlong_dec.o
         6          0          0          0          0          0   _printf_ls.o
         6          0          0          0          0          0   _printf_n.o
         6          0          0          0          0          0   _printf_o.o
       112          8          0          0          0        124   _printf_oct_int_ll.o
         6          0          0          0          0          0   _printf_p.o
        78          0          0          0          0        108   _printf_pad.o
         0          0          0          0          0          0   _printf_percent.o
         4          0          0          0          0          0   _printf_percent_end.o
         6          0          0          0          0          0   _printf_s.o
        82          0          0          0          0         80   _printf_str.o
        36          0          0          0          0         84   _printf_truncate.o
         6          0          0          0          0          0   _printf_u.o
        44          0          0          0          0        108   _printf_wchar.o
       188          6          8          0          0         92   _printf_wctomb.o
         6          0          0          0          0          0   _printf_x.o
       884          6          0          0          0        100   _scanf.o
       332          0          0          0          0         96   _scanf_int.o
       224          0          0          0          0         96   _scanf_str.o
        64          0          0          0          0         84   _sgetc.o
        16          0          0          0          0         68   _snputc.o
        10          0          0          0          0         68   _sputc.o
        64          0          0          0          0         92   _wcrtomb.o
       220          4        148          0          0         96   bigflt0.o
      1910        128          0          0          0        672   btod.o
        52          4          0          0          0         80   c89vsnprintf.o
        10          0          0          0          0         68   defsig_exit.o
        50          0          0          0          0         88   defsig_general.o
        80         58          0          0          0         76   defsig_rtmem_inner.o
        14          0          0          0          0         80   defsig_rtmem_outer.o
        12          0          0          0          0         72   exit.o
        94          0          0          0          0         80   h1_alloc.o
        52          0          0          0          0         68   h1_extend.o
        78          0          0          0          0         80   h1_free.o
        14          0          0          0          0         84   h1_init.o
         6          0          0          0          0        152   heapauxi.o
         4          0          0          0          0        136   hguard.o
         0          0          0          0          0          0   indicate_semi.o
       138          0          0          0          0        168   init_alloc.o
        18          0          0          0          0         76   isspace.o
        44         10        272          0          0         76   lc_ctype_c.o
        44         10         28          0          0         76   lc_numeric_c.o
         2          0          0          0          0          0   libinit.o
        38          0          0          0          0          0   libinit2.o
         2          0          0          0          0          0   libshutdown.o
         2          0          0          0          0          0   libshutdown2.o
         8          4          0          0         96         68   libspace.o
       138          0          0          0          0         80   lludiv10.o
         0          0          0          0          0          0   maybetermalloc1.o
        16          4          0          0          0         76   rt_ctype_table.o
         8          4          0          0          0         68   rt_heap_descriptor_intlibspace.o
         8          4          0          0          0         68   rt_locale_intlibspace.o
        68          0          0          0          0         68   rt_memclr.o
        78          0          0          0          0         80   rt_memclr_w.o
       138          0          0          0          0         68   rt_memcpy_v6.o
       100          0          0          0          0         80   rt_memcpy_w.o
         2          0          0          0          0          0   rtexit.o
        10          0          0          0          0          0   rtexit2.o
        44          8          0          0          0         84   scanf_char.o
        24          0          0          0          0         68   strcat.o
        20          0          0          0          0         68   strchr.o
       128          0          0          0          0         68   strcmpv7m.o
        72          0          0          0          0         80   strcpy.o
        62          0          0          0          0         76   strlen.o
        36          0          0          0          0         76   strncat.o
        36          0          0          0          0         80   strstr.o
        12          4          0          0          0         68   sys_exit.o
        74          0          0          0          0         80   sys_stackheap_outer.o
        14          0          0          0          0         76   sys_wrch.o
         2          0          0          0          0         68   use_no_semi.o
         4          0          0          0          0         68   printf1.o
         0          0          0          0          0          0   usenofp.o
        40          0          0          0          0         68   fpclassify.o

    ----------------------------------------------------------------------
      8992        352        516          0         96       6668   Library Totals
        18          0          3          0          0          0   (incl. Padding)

    ----------------------------------------------------------------------

      Code (inc. data)   RO Data    RW Data    ZI Data      Debug   Library Name

      8930        352        513          0         96       6532   c_w.l
         4          0          0          0          0         68   fz_ws.l
        40          0          0          0          0         68   m_ws.l

    ----------------------------------------------------------------------
      8992        352        516          0         96       6668   Library Totals

    ----------------------------------------------------------------------

==============================================================================


      Code (inc. data)   RO Data    RW Data    ZI Data      Debug   

     25712       2490       3340        760       3232     311694   Grand Totals
     25712       2490       3340        272       3232     311694   ELF Image Totals (compressed)
     25712       2490       3340        272          0          0   ROM Totals

==============================================================================

    Total RO  Size (Code + RO Data)                29052 (  28.37kB)
    Total RW  Size (RW Data + ZI Data)              3992 (   3.90kB)
    Total ROM Size (Code + RO Data + RW Data)      29324 (  28.64kB)

==============================================================================

